Jun 16 10:44:40 nixos kernel: Linux version 6.18.35 (nixbld@localhost) (gcc (GCC) 15.2.0, GNU ld (GNU Binutils) 2.46) #1-NixOS SMP PREEMPT_DYNAMIC Tue Jun  9 10:28:53 UTC 2026
Jun 16 10:44:40 nixos kernel: Command line: initrd=\EFI\nixos\m5sq64mqsclw58hgid88wz6ywm9akjq0-initrd-linux-6.18.35-initrd.efi init=/nix/store/5gjwqk491flfsjy1krg6yqm6c1y56qws-nixos-system-nixos-staging-extensive-tracing_f6a8008b334d26a9125fb29aae2082e0785f1fc5/init preempt=full logo.nologo mitigation=off intel_pstate=performance transparent_hugepage=always nmi_watchdog=0 pcie_aspm=off intel_iommu=off panic=10 oops=panic usbcore.autosuspend=-1 isolcpus=2,3 nohz_full=2,3 rcu_nocbs=2,3 root=fstab loglevel=4 lsm=landlock,yama,bpf
Jun 16 10:44:40 nixos kernel: x86/split lock detection: #AC: crashing the kernel on kernel split_locks and warning on user-space split_locks
Jun 16 10:44:40 nixos kernel: BIOS-provided physical RAM map:
Jun 16 10:44:40 nixos kernel: BIOS-e820: [mem 0x0000000000000000-0x000000000009efff] usable
Jun 16 10:44:40 nixos kernel: BIOS-e820: [mem 0x000000000009f000-0x00000000000fffff] reserved
Jun 16 10:44:40 nixos kernel: BIOS-e820: [mem 0x0000000000100000-0x00000000760c4fff] usable
Jun 16 10:44:40 nixos kernel: BIOS-e820: [mem 0x00000000760c5000-0x00000000785c4fff] reserved
Jun 16 10:44:40 nixos kernel: BIOS-e820: [mem 0x00000000785c5000-0x0000000078844fff] ACPI data
Jun 16 10:44:40 nixos kernel: BIOS-e820: [mem 0x0000000078845000-0x0000000078944fff] ACPI NVS
Jun 16 10:44:40 nixos kernel: BIOS-e820: [mem 0x0000000078945000-0x0000000078ffefff] reserved
Jun 16 10:44:40 nixos kernel: BIOS-e820: [mem 0x0000000078fff000-0x0000000078ffffff] usable
Jun 16 10:44:40 nixos kernel: BIOS-e820: [mem 0x0000000079000000-0x000000007fbfffff] reserved
Jun 16 10:44:40 nixos kernel: BIOS-e820: [mem 0x00000000c0000000-0x00000000cfffffff] reserved
Jun 16 10:44:40 nixos kernel: BIOS-e820: [mem 0x00000000fe000000-0x00000000fe010fff] reserved
Jun 16 10:44:40 nixos kernel: BIOS-e820: [mem 0x00000000fec00000-0x00000000fec00fff] reserved
Jun 16 10:44:40 nixos kernel: BIOS-e820: [mem 0x00000000fed00000-0x00000000fed00fff] reserved
Jun 16 10:44:40 nixos kernel: BIOS-e820: [mem 0x00000000fed20000-0x00000000fed7ffff] reserved
Jun 16 10:44:40 nixos kernel: BIOS-e820: [mem 0x00000000fee00000-0x00000000fee00fff] reserved
Jun 16 10:44:40 nixos kernel: BIOS-e820: [mem 0x00000000ff000000-0x00000000ffffffff] reserved
Jun 16 10:44:40 nixos kernel: BIOS-e820: [mem 0x0000000100000000-0x00000003803fffff] usable
Jun 16 10:44:40 nixos kernel: NX (Execute Disable) protection: active
Jun 16 10:44:40 nixos kernel: APIC: Static calls initialized
Jun 16 10:44:40 nixos kernel: efi: EFI v2.7 by American Megatrends
Jun 16 10:44:40 nixos kernel: efi: ACPI=0x78844000 ACPI 2.0=0x78844014 TPMFinalLog=0x788f2000 SMBIOS=0x78d7b000 SMBIOS 3.0=0x78d7a000 MEMATTR=0x74fcf818 ESRT=0x75342898 RNG=0x787dbf18 INITRD=0x73594718 TPMEventLog=0x787d7018 
Jun 16 10:44:40 nixos kernel: random: crng init done
Jun 16 10:44:40 nixos kernel: efi: Remove mem49: MMIO range=[0xc0000000-0xcfffffff] (256MB) from e820 map
Jun 16 10:44:40 nixos kernel: e820: remove [mem 0xc0000000-0xcfffffff] reserved
Jun 16 10:44:40 nixos kernel: efi: Not removing mem50: MMIO range=[0xfe000000-0xfe010fff] (68KB) from e820 map
Jun 16 10:44:40 nixos kernel: efi: Not removing mem51: MMIO range=[0xfec00000-0xfec00fff] (4KB) from e820 map
Jun 16 10:44:40 nixos kernel: efi: Not removing mem52: MMIO range=[0xfed00000-0xfed00fff] (4KB) from e820 map
Jun 16 10:44:40 nixos kernel: efi: Not removing mem54: MMIO range=[0xfee00000-0xfee00fff] (4KB) from e820 map
Jun 16 10:44:40 nixos kernel: efi: Remove mem55: MMIO range=[0xff000000-0xffffffff] (16MB) from e820 map
Jun 16 10:44:40 nixos kernel: e820: remove [mem 0xff000000-0xffffffff] reserved
Jun 16 10:44:40 nixos kernel: SMBIOS 3.3.0 present.
Jun 16 10:44:40 nixos kernel: DMI: Intel Corporation Jasper Lake Client Platform/JSL MRD, BIOS JK08001 10/17/2023
Jun 16 10:44:40 nixos kernel: DMI: Memory slots populated: 2/2
Jun 16 10:44:40 nixos kernel: tsc: Detected 2000.000 MHz processor
Jun 16 10:44:40 nixos kernel: tsc: Detected 1996.800 MHz TSC
Jun 16 10:44:40 nixos kernel: e820: update [mem 0x00000000-0x00000fff] usable ==> reserved
Jun 16 10:44:40 nixos kernel: e820: remove [mem 0x000a0000-0x000fffff] usable
Jun 16 10:44:40 nixos kernel: last_pfn = 0x380400 max_arch_pfn = 0x400000000
Jun 16 10:44:40 nixos kernel: MTRR map: 6 entries (3 fixed + 3 variable; max 23), built from 10 variable MTRRs
Jun 16 10:44:40 nixos kernel: x86/PAT: Configuration [0-7]: WB  WC  UC- UC  WB  WP  UC- WT  
Jun 16 10:44:40 nixos kernel: last_pfn = 0x79000 max_arch_pfn = 0x400000000
Jun 16 10:44:40 nixos kernel: esrt: Reserving ESRT space from 0x0000000075342898 to 0x00000000753428d0.
Jun 16 10:44:40 nixos kernel: e820: update [mem 0x75342000-0x75342fff] usable ==> reserved
Jun 16 10:44:40 nixos kernel: Secure boot disabled
Jun 16 10:44:40 nixos kernel: RAMDISK: [mem 0x6b9db000-0x6e296fff]
Jun 16 10:44:40 nixos kernel: ACPI: Early table checksum verification disabled
Jun 16 10:44:40 nixos kernel: ACPI: RSDP 0x0000000078844014 000024 (v02 ALASKA)
Jun 16 10:44:40 nixos kernel: ACPI: XSDT 0x0000000078843728 0000E4 (v01 ALASKA A M I    01072009 AMI  01000013)
Jun 16 10:44:40 nixos kernel: ACPI: FACP 0x0000000078841000 000114 (v06 ALASKA A M I    01072009 AMI  01000013)
Jun 16 10:44:40 nixos kernel: ACPI: DSDT 0x00000000787FC000 0440CD (v02 ALASKA A M I    01072009 INTL 20191018)
Jun 16 10:44:40 nixos kernel: ACPI: FACS 0x0000000078943000 000040
Jun 16 10:44:40 nixos kernel: ACPI: MCFG 0x0000000078842000 00003C (v01 ALASKA A M I    01072009 MSFT 00000097)
Jun 16 10:44:40 nixos kernel: ACPI: FIDT 0x00000000787FB000 00009C (v01 ALASKA A M I    01072009 AMI  00010013)
Jun 16 10:44:40 nixos kernel: ACPI: MSDM 0x00000000787FA000 000055 (v03 ALASKA A M I    01072009 AMI  01000013)
Jun 16 10:44:40 nixos kernel: ACPI: SSDT 0x00000000787F7000 0025EE (v02 CpuRef CpuSsdt  00003000 INTL 20191018)
Jun 16 10:44:40 nixos kernel: ACPI: SSDT 0x00000000787F5000 001CCD (v02 SaSsdt SaSsdt   00003000 INTL 20191018)
Jun 16 10:44:40 nixos kernel: ACPI: SSDT 0x00000000787F1000 0032CD (v02 INTEL  IgfxSsdt 00003000 INTL 20191018)
Jun 16 10:44:40 nixos kernel: ACPI: HPET 0x00000000787F0000 000038 (v01 ALASKA A M I    01072009 AMI  01000013)
Jun 16 10:44:40 nixos kernel: ACPI: APIC 0x00000000787EF000 00012C (v04 ALASKA A M I    01072009 AMI  01000013)
Jun 16 10:44:40 nixos kernel: ACPI: PRAM 0x00000000787EE000 000030 (v01 ALASKA A M I    01072009 AMI  01000013)
Jun 16 10:44:40 nixos kernel: ACPI: SSDT 0x00000000787ED000 000E06 (v02 ALASKA Ther_Rvp 00001000 INTL 20191018)
Jun 16 10:44:40 nixos kernel: ACPI: SSDT 0x00000000787EA000 002FBC (v02 INTEL  xh_jslv2 00000000 INTL 20191018)
Jun 16 10:44:40 nixos kernel: ACPI: NHLT 0x00000000787E9000 0001FB (v00 ALASKA A M I    01072009 AMI  01000013)
Jun 16 10:44:40 nixos kernel: ACPI: LPIT 0x00000000787E8000 000094 (v01 ALASKA A M I    01072009 AMI  01000013)
Jun 16 10:44:40 nixos kernel: ACPI: SSDT 0x00000000787E4000 002720 (v02 ALASKA PtidDevc 00001000 INTL 20191018)
Jun 16 10:44:40 nixos kernel: ACPI: SSDT 0x00000000787E3000 000122 (v02 ALASKA TbtTypeC 00000000 INTL 20191018)
Jun 16 10:44:40 nixos kernel: ACPI: DBGP 0x00000000787E2000 000034 (v01 ALASKA A M I    01072009 AMI  01000013)
Jun 16 10:44:40 nixos kernel: ACPI: DBG2 0x00000000787E1000 000054 (v00 ALASKA A M I    01072009 AMI  01000013)
Jun 16 10:44:40 nixos kernel: ACPI: DMAR 0x00000000787E0000 000088 (v02 INTEL  EDK2     00000002      01000013)
Jun 16 10:44:40 nixos kernel: ACPI: SSDT 0x00000000787DF000 000144 (v02 Intel  ADebTabl 00001000 INTL 20191018)
Jun 16 10:44:40 nixos kernel: ACPI: BGRT 0x00000000787DE000 000038 (v01 ALASKA A M I    01072009 AMI  00010013)
Jun 16 10:44:40 nixos kernel: ACPI: TPM2 0x00000000787DD000 00004C (v04 ALASKA A M I    00000001 AMI  00000000)
Jun 16 10:44:40 nixos kernel: ACPI: WSMT 0x00000000787E7000 000028 (v01 ALASKA A M I    01072009 AMI  00010013)
Jun 16 10:44:40 nixos kernel: ACPI: FPDT 0x00000000787DC000 000044 (v01 ALASKA A M I    01072009 AMI  01000013)
Jun 16 10:44:40 nixos kernel: ACPI: Reserving FACP table memory at [mem 0x78841000-0x78841113]
Jun 16 10:44:40 nixos kernel: ACPI: Reserving DSDT table memory at [mem 0x787fc000-0x788400cc]
Jun 16 10:44:40 nixos kernel: ACPI: Reserving FACS table memory at [mem 0x78943000-0x7894303f]
Jun 16 10:44:40 nixos kernel: ACPI: Reserving MCFG table memory at [mem 0x78842000-0x7884203b]
Jun 16 10:44:40 nixos kernel: ACPI: Reserving FIDT table memory at [mem 0x787fb000-0x787fb09b]
Jun 16 10:44:40 nixos kernel: ACPI: Reserving MSDM table memory at [mem 0x787fa000-0x787fa054]
Jun 16 10:44:40 nixos kernel: ACPI: Reserving SSDT table memory at [mem 0x787f7000-0x787f95ed]
Jun 16 10:44:40 nixos kernel: ACPI: Reserving SSDT table memory at [mem 0x787f5000-0x787f6ccc]
Jun 16 10:44:40 nixos kernel: ACPI: Reserving SSDT table memory at [mem 0x787f1000-0x787f42cc]
Jun 16 10:44:40 nixos kernel: ACPI: Reserving HPET table memory at [mem 0x787f0000-0x787f0037]
Jun 16 10:44:40 nixos kernel: ACPI: Reserving APIC table memory at [mem 0x787ef000-0x787ef12b]
Jun 16 10:44:40 nixos kernel: ACPI: Reserving PRAM table memory at [mem 0x787ee000-0x787ee02f]
Jun 16 10:44:40 nixos kernel: ACPI: Reserving SSDT table memory at [mem 0x787ed000-0x787ede05]
Jun 16 10:44:40 nixos kernel: ACPI: Reserving SSDT table memory at [mem 0x787ea000-0x787ecfbb]
Jun 16 10:44:40 nixos kernel: ACPI: Reserving NHLT table memory at [mem 0x787e9000-0x787e91fa]
Jun 16 10:44:40 nixos kernel: ACPI: Reserving LPIT table memory at [mem 0x787e8000-0x787e8093]
Jun 16 10:44:40 nixos kernel: ACPI: Reserving SSDT table memory at [mem 0x787e4000-0x787e671f]
Jun 16 10:44:40 nixos kernel: ACPI: Reserving SSDT table memory at [mem 0x787e3000-0x787e3121]
Jun 16 10:44:40 nixos kernel: ACPI: Reserving DBGP table memory at [mem 0x787e2000-0x787e2033]
Jun 16 10:44:40 nixos kernel: ACPI: Reserving DBG2 table memory at [mem 0x787e1000-0x787e1053]
Jun 16 10:44:40 nixos kernel: ACPI: Reserving DMAR table memory at [mem 0x787e0000-0x787e0087]
Jun 16 10:44:40 nixos kernel: ACPI: Reserving SSDT table memory at [mem 0x787df000-0x787df143]
Jun 16 10:44:40 nixos kernel: ACPI: Reserving BGRT table memory at [mem 0x787de000-0x787de037]
Jun 16 10:44:40 nixos kernel: ACPI: Reserving TPM2 table memory at [mem 0x787dd000-0x787dd04b]
Jun 16 10:44:40 nixos kernel: ACPI: Reserving WSMT table memory at [mem 0x787e7000-0x787e7027]
Jun 16 10:44:40 nixos kernel: ACPI: Reserving FPDT table memory at [mem 0x787dc000-0x787dc043]
Jun 16 10:44:40 nixos kernel: No NUMA configuration found
Jun 16 10:44:40 nixos kernel: Faking a node at [mem 0x0000000000000000-0x00000003803fffff]
Jun 16 10:44:40 nixos kernel: NODE_DATA(0) allocated [mem 0x3803f1780-0x3803f6cff]
Jun 16 10:44:40 nixos kernel: Zone ranges:
Jun 16 10:44:40 nixos kernel:   DMA      [mem 0x0000000000001000-0x0000000000ffffff]
Jun 16 10:44:40 nixos kernel:   DMA32    [mem 0x0000000001000000-0x00000000ffffffff]
Jun 16 10:44:40 nixos kernel:   Normal   [mem 0x0000000100000000-0x00000003803fffff]
Jun 16 10:44:40 nixos kernel:   Device   empty
Jun 16 10:44:40 nixos kernel: Movable zone start for each node
Jun 16 10:44:40 nixos kernel: Early memory node ranges
Jun 16 10:44:40 nixos kernel:   node   0: [mem 0x0000000000001000-0x000000000009efff]
Jun 16 10:44:40 nixos kernel:   node   0: [mem 0x0000000000100000-0x00000000760c4fff]
Jun 16 10:44:40 nixos kernel:   node   0: [mem 0x0000000078fff000-0x0000000078ffffff]
Jun 16 10:44:40 nixos kernel:   node   0: [mem 0x0000000100000000-0x00000003803fffff]
Jun 16 10:44:40 nixos kernel: Initmem setup node 0 [mem 0x0000000000001000-0x00000003803fffff]
Jun 16 10:44:40 nixos kernel: On node 0, zone DMA: 1 pages in unavailable ranges
Jun 16 10:44:40 nixos kernel: On node 0, zone DMA: 97 pages in unavailable ranges
Jun 16 10:44:40 nixos kernel: On node 0, zone DMA32: 12090 pages in unavailable ranges
Jun 16 10:44:40 nixos kernel: On node 0, zone Normal: 28672 pages in unavailable ranges
Jun 16 10:44:40 nixos kernel: On node 0, zone Normal: 31744 pages in unavailable ranges
Jun 16 10:44:40 nixos kernel: Reserving Intel graphics memory at [mem 0x7c000000-0x7fbfffff]
Jun 16 10:44:40 nixos kernel: ACPI: PM-Timer IO Port: 0x1808
Jun 16 10:44:40 nixos kernel: ACPI: LAPIC_NMI (acpi_id[0x01] high edge lint[0x1])
Jun 16 10:44:40 nixos kernel: ACPI: LAPIC_NMI (acpi_id[0x02] high edge lint[0x1])
Jun 16 10:44:40 nixos kernel: ACPI: LAPIC_NMI (acpi_id[0x03] high edge lint[0x1])
Jun 16 10:44:40 nixos kernel: ACPI: LAPIC_NMI (acpi_id[0x04] high edge lint[0x1])
Jun 16 10:44:40 nixos kernel: ACPI: LAPIC_NMI (acpi_id[0x05] high edge lint[0x1])
Jun 16 10:44:40 nixos kernel: ACPI: LAPIC_NMI (acpi_id[0x06] high edge lint[0x1])
Jun 16 10:44:40 nixos kernel: ACPI: LAPIC_NMI (acpi_id[0x07] high edge lint[0x1])
Jun 16 10:44:40 nixos kernel: ACPI: LAPIC_NMI (acpi_id[0x08] high edge lint[0x1])
Jun 16 10:44:40 nixos kernel: ACPI: LAPIC_NMI (acpi_id[0x09] high edge lint[0x1])
Jun 16 10:44:40 nixos kernel: ACPI: LAPIC_NMI (acpi_id[0x0a] high edge lint[0x1])
Jun 16 10:44:40 nixos kernel: ACPI: LAPIC_NMI (acpi_id[0x0b] high edge lint[0x1])
Jun 16 10:44:40 nixos kernel: ACPI: LAPIC_NMI (acpi_id[0x0c] high edge lint[0x1])
Jun 16 10:44:40 nixos kernel: ACPI: LAPIC_NMI (acpi_id[0x0d] high edge lint[0x1])
Jun 16 10:44:40 nixos kernel: ACPI: LAPIC_NMI (acpi_id[0x0e] high edge lint[0x1])
Jun 16 10:44:40 nixos kernel: ACPI: LAPIC_NMI (acpi_id[0x0f] high edge lint[0x1])
Jun 16 10:44:40 nixos kernel: ACPI: LAPIC_NMI (acpi_id[0x10] high edge lint[0x1])
Jun 16 10:44:40 nixos kernel: IOAPIC[0]: apic_id 2, version 32, address 0xfec00000, GSI 0-119
Jun 16 10:44:40 nixos kernel: ACPI: INT_SRC_OVR (bus 0 bus_irq 0 global_irq 2 dfl dfl)
Jun 16 10:44:40 nixos kernel: ACPI: INT_SRC_OVR (bus 0 bus_irq 9 global_irq 9 high level)
Jun 16 10:44:40 nixos kernel: ACPI: Using ACPI (MADT) for SMP configuration information
Jun 16 10:44:40 nixos kernel: ACPI: HPET id: 0x8086a201 base: 0xfed00000
Jun 16 10:44:40 nixos kernel: e820: update [mem 0x73642000-0x73694fff] usable ==> reserved
Jun 16 10:44:40 nixos kernel: TSC deadline timer available
Jun 16 10:44:40 nixos kernel: CPU topo: Max. logical packages:   1
Jun 16 10:44:40 nixos kernel: CPU topo: Max. logical dies:       1
Jun 16 10:44:40 nixos kernel: CPU topo: Max. dies per package:   1
Jun 16 10:44:40 nixos kernel: CPU topo: Max. threads per core:   1
Jun 16 10:44:40 nixos kernel: CPU topo: Num. cores per package:     4
Jun 16 10:44:40 nixos kernel: CPU topo: Num. threads per package:   4
Jun 16 10:44:40 nixos kernel: CPU topo: Allowing 4 present CPUs plus 0 hotplug CPUs
Jun 16 10:44:40 nixos kernel: PM: hibernation: Registered nosave memory: [mem 0x00000000-0x00000fff]
Jun 16 10:44:40 nixos kernel: PM: hibernation: Registered nosave memory: [mem 0x0009f000-0x000fffff]
Jun 16 10:44:40 nixos kernel: PM: hibernation: Registered nosave memory: [mem 0x73642000-0x73694fff]
Jun 16 10:44:40 nixos kernel: PM: hibernation: Registered nosave memory: [mem 0x75342000-0x75342fff]
Jun 16 10:44:40 nixos kernel: PM: hibernation: Registered nosave memory: [mem 0x760c5000-0x78ffefff]
Jun 16 10:44:40 nixos kernel: PM: hibernation: Registered nosave memory: [mem 0x79000000-0xffffffff]
Jun 16 10:44:40 nixos kernel: [mem 0x7fc00000-0xfdffffff] available for PCI devices
Jun 16 10:44:40 nixos kernel: Booting paravirtualized kernel on bare hardware
Jun 16 10:44:40 nixos kernel: clocksource: refined-jiffies: mask: 0xffffffff max_cycles: 0xffffffff, max_idle_ns: 1910969940391419 ns
Jun 16 10:44:40 nixos kernel: setup_percpu: NR_CPUS:384 nr_cpumask_bits:4 nr_cpu_ids:4 nr_node_ids:1
Jun 16 10:44:40 nixos kernel: percpu: Embedded 98 pages/cpu s278528 r8192 d114688 u524288
Jun 16 10:44:40 nixos kernel: pcpu-alloc: s278528 r8192 d114688 u524288 alloc=1*2097152
Jun 16 10:44:40 nixos kernel: pcpu-alloc: [0] 0 1 2 3 
Jun 16 10:44:40 nixos kernel: Kernel command line: initrd=\EFI\nixos\m5sq64mqsclw58hgid88wz6ywm9akjq0-initrd-linux-6.18.35-initrd.efi init=/nix/store/5gjwqk491flfsjy1krg6yqm6c1y56qws-nixos-system-nixos-staging-extensive-tracing_f6a8008b334d26a9125fb29aae2082e0785f1fc5/init preempt=full logo.nologo mitigation=off intel_pstate=performance transparent_hugepage=always nmi_watchdog=0 pcie_aspm=off intel_iommu=off panic=10 oops=panic usbcore.autosuspend=-1 isolcpus=2,3 nohz_full=2,3 rcu_nocbs=2,3 root=fstab loglevel=4 lsm=landlock,yama,bpf
Jun 16 10:44:40 nixos kernel: Dynamic Preempt: full
Jun 16 10:44:40 nixos kernel: PCIe ASPM is disabled
Jun 16 10:44:40 nixos kernel: DMAR: IOMMU disabled
Jun 16 10:44:40 nixos kernel: Unknown kernel command line parameters "mitigation=off", will be passed to user space.
Jun 16 10:44:40 nixos kernel: printk: log buffer data + meta data: 262144 + 917504 = 1179648 bytes
Jun 16 10:44:40 nixos kernel: Dentry cache hash table entries: 2097152 (order: 12, 16777216 bytes, linear)
Jun 16 10:44:40 nixos kernel: Inode-cache hash table entries: 1048576 (order: 11, 8388608 bytes, linear)
Jun 16 10:44:40 nixos kernel: software IO TLB: area num 4.
Jun 16 10:44:40 nixos kernel: Fallback order for Node 0: 0 
Jun 16 10:44:40 nixos kernel: Built 1 zonelists, mobility grouping on.  Total pages: 3105892
Jun 16 10:44:40 nixos kernel: Policy zone: Normal
Jun 16 10:44:40 nixos kernel: mem auto-init: stack:all(zero), heap alloc:on, heap free:off
Jun 16 10:44:40 nixos kernel: SLUB: HWalign=64, Order=0-3, MinObjects=0, CPUs=4, Nodes=1
Jun 16 10:44:40 nixos kernel: allocated 25427968 bytes of page_ext
Jun 16 10:44:40 nixos kernel: ftrace: allocating 48569 entries in 192 pages
Jun 16 10:44:40 nixos kernel: ftrace: allocated 192 pages with 2 groups
Jun 16 10:44:40 nixos kernel: rcu: Preemptible hierarchical RCU implementation.
Jun 16 10:44:40 nixos kernel: rcu:         RCU event tracing is enabled.
Jun 16 10:44:40 nixos kernel: rcu:         RCU restricting CPUs from NR_CPUS=384 to nr_cpu_ids=4.
Jun 16 10:44:40 nixos kernel:         Trampoline variant of Tasks RCU enabled.
Jun 16 10:44:40 nixos kernel:         Rude variant of Tasks RCU enabled.
Jun 16 10:44:40 nixos kernel:         Tracing variant of Tasks RCU enabled.
Jun 16 10:44:40 nixos kernel: rcu: RCU calculated value of scheduler-enlistment delay is 100 jiffies.
Jun 16 10:44:40 nixos kernel: rcu: Adjusting geometry for rcu_fanout_leaf=16, nr_cpu_ids=4
Jun 16 10:44:40 nixos kernel: RCU Tasks: Setting shift to 2 and lim to 1 rcu_task_cb_adjust=1 rcu_task_cpu_ids=4.
Jun 16 10:44:40 nixos kernel: RCU Tasks Rude: Setting shift to 2 and lim to 1 rcu_task_cb_adjust=1 rcu_task_cpu_ids=4.
Jun 16 10:44:40 nixos kernel: RCU Tasks Trace: Setting shift to 2 and lim to 1 rcu_task_cb_adjust=1 rcu_task_cpu_ids=4.
Jun 16 10:44:40 nixos kernel: NR_IRQS: 24832, nr_irqs: 1024, preallocated irqs: 16
Jun 16 10:44:40 nixos kernel: NO_HZ: Full dynticks CPUs: 2-3.
Jun 16 10:44:40 nixos kernel: rcu:         Offload RCU callbacks from CPUs: 2-3.
Jun 16 10:44:40 nixos kernel: rcu: srcu_init: Setting srcu_struct sizes based on contention.
Jun 16 10:44:40 nixos kernel: kfence: initialized - using 2097152 bytes for 255 objects at 0x(____ptrval____)-0x(____ptrval____)
Jun 16 10:44:40 nixos kernel: Console: colour dummy device 80x25
Jun 16 10:44:40 nixos kernel: printk: legacy console [tty0] enabled
Jun 16 10:44:40 nixos kernel: ACPI: Core revision 20250807
Jun 16 10:44:40 nixos kernel: hpet: HPET dysfunctional in PC10. Force disabled.
Jun 16 10:44:40 nixos kernel: APIC: Switch to symmetric I/O mode setup
Jun 16 10:44:40 nixos kernel: DMAR: Host address width 39
Jun 16 10:44:40 nixos kernel: DMAR: DRHD base: 0x000000fed90000 flags: 0x0
Jun 16 10:44:40 nixos kernel: DMAR: dmar0: reg_base_addr fed90000 ver 4:0 cap 1c0000c40660462 ecap 49e2ff0505e
Jun 16 10:44:40 nixos kernel: DMAR: DRHD base: 0x000000fed91000 flags: 0x1
Jun 16 10:44:40 nixos kernel: DMAR: dmar1: reg_base_addr fed91000 ver 1:0 cap d2008c40660462 ecap f050da
Jun 16 10:44:40 nixos kernel: DMAR: RMRR base: 0x0000007b800000 end: 0x0000007fbfffff
Jun 16 10:44:40 nixos kernel: DMAR-IR: IOAPIC id 2 under DRHD base  0xfed91000 IOMMU 1
Jun 16 10:44:40 nixos kernel: DMAR-IR: HPET id 0 under DRHD base 0xfed91000
Jun 16 10:44:40 nixos kernel: DMAR-IR: Queued invalidation will be enabled to support x2apic and Intr-remapping.
Jun 16 10:44:40 nixos kernel: DMAR-IR: Enabled IRQ remapping in x2apic mode
Jun 16 10:44:40 nixos kernel: x2apic enabled
Jun 16 10:44:40 nixos kernel: APIC: Switched APIC routing to: cluster x2apic
Jun 16 10:44:40 nixos kernel: clocksource: tsc-early: mask: 0xffffffffffffffff max_cycles: 0x3990bec8342, max_idle_ns: 881590769617 ns
Jun 16 10:44:40 nixos kernel: Calibrating delay loop (skipped), value calculated using timer frequency.. 3993.60 BogoMIPS (lpj=1996800)
Jun 16 10:44:40 nixos kernel: CPU0: Thermal monitoring enabled (TM1)
Jun 16 10:44:40 nixos kernel: x86/cpu: User Mode Instruction Prevention (UMIP) activated
Jun 16 10:44:40 nixos kernel: Last level iTLB entries: 4KB 0, 2MB 0, 4MB 0
Jun 16 10:44:40 nixos kernel: Last level dTLB entries: 4KB 0, 2MB 0, 4MB 0, 1GB 0
Jun 16 10:44:40 nixos kernel: process: using mwait in idle threads
Jun 16 10:44:40 nixos kernel: mitigations: Enabled attack vectors: user_kernel, user_user, guest_host, guest_guest, SMT mitigations: auto
Jun 16 10:44:40 nixos kernel: Speculative Store Bypass: Mitigation: Speculative Store Bypass disabled via prctl
Jun 16 10:44:40 nixos kernel: SRBDS: Vulnerable: No microcode
Jun 16 10:44:40 nixos kernel: Spectre V2 : Mitigation: Enhanced / Automatic IBRS
Jun 16 10:44:40 nixos kernel: MMIO Stale Data: Mitigation: Clear CPU buffers
Jun 16 10:44:40 nixos kernel: Register File Data Sampling: Mitigation: Clear Register File
Jun 16 10:44:40 nixos kernel: Spectre V1 : Mitigation: usercopy/swapgs barriers and __user pointer sanitization
Jun 16 10:44:40 nixos kernel: Spectre V2 : mitigation: Enabling conditional Indirect Branch Prediction Barrier
Jun 16 10:44:40 nixos kernel: Spectre V2 : Spectre BHI mitigation: SW BHB clearing on syscall and VM exit
Jun 16 10:44:40 nixos kernel: x86/fpu: Supporting XSAVE feature 0x001: 'x87 floating point registers'
Jun 16 10:44:40 nixos kernel: x86/fpu: Supporting XSAVE feature 0x002: 'SSE registers'
Jun 16 10:44:40 nixos kernel: x86/fpu: Enabled xstate features 0x3, context size is 576 bytes, using 'compacted' format.
Jun 16 10:44:40 nixos kernel: Freeing SMP alternatives memory: 44K
Jun 16 10:44:40 nixos kernel: pid_max: default: 32768 minimum: 301
Jun 16 10:44:40 nixos kernel: LSM: initializing lsm=capability,landlock,yama,bpf,ima
Jun 16 10:44:40 nixos kernel: landlock: Up and running.
Jun 16 10:44:40 nixos kernel: Yama: becoming mindful.
Jun 16 10:44:40 nixos kernel: LSM support for eBPF active
Jun 16 10:44:40 nixos kernel: Mount-cache hash table entries: 32768 (order: 6, 262144 bytes, linear)
Jun 16 10:44:40 nixos kernel: Mountpoint-cache hash table entries: 32768 (order: 6, 262144 bytes, linear)
Jun 16 10:44:40 nixos kernel: smpboot: CPU0: Intel(R) Celeron(R) N5105 @ 2.00GHz (family: 0x6, model: 0x9c, stepping: 0x0)
Jun 16 10:44:40 nixos kernel: Performance Events: PEBS fmt4+-baseline, PEBS-via-PT,  AnyThread deprecated, Tremont events, 32-deep LBR, full-width counters, Intel PMU driver.
Jun 16 10:44:40 nixos kernel: ... version:                   5
Jun 16 10:44:40 nixos kernel: ... bit width:                 48
Jun 16 10:44:40 nixos kernel: ... generic counters:          4
Jun 16 10:44:40 nixos kernel: ... generic bitmap:            000000000000000f
Jun 16 10:44:40 nixos kernel: ... fixed-purpose counters:    3
Jun 16 10:44:40 nixos kernel: ... fixed-purpose bitmap:      0000000000000007
Jun 16 10:44:40 nixos kernel: ... value mask:                0000ffffffffffff
Jun 16 10:44:40 nixos kernel: ... max period:                00007fffffffffff
Jun 16 10:44:40 nixos kernel: ... global_ctrl mask:          000000070000000f
Jun 16 10:44:40 nixos kernel: signal: max sigframe size: 1520
Jun 16 10:44:40 nixos kernel: Estimated ratio of average max frequency by base frequency (times 1024): 1433
Jun 16 10:44:40 nixos kernel: rcu: Hierarchical SRCU implementation.
Jun 16 10:44:40 nixos kernel: rcu:         Max phase no-delay instances is 400.
Jun 16 10:44:40 nixos kernel: Timer migration: 1 hierarchy levels; 8 children per group; 1 crossnode level
Jun 16 10:44:40 nixos kernel: watchdog: Disabling watchdog on nohz_full cores by default
Jun 16 10:44:40 nixos kernel: smp: Bringing up secondary CPUs ...
Jun 16 10:44:40 nixos kernel: smpboot: x86: Booting SMP configuration:
Jun 16 10:44:40 nixos kernel: .... node  #0, CPUs:      #1 #2 #3
Jun 16 10:44:40 nixos kernel: smp: Brought up 1 node, 4 CPUs
Jun 16 10:44:40 nixos kernel: smpboot: Total of 4 processors activated (15974.40 BogoMIPS)
Jun 16 10:44:40 nixos kernel: Memory: 11974192K/12423568K available (17098K kernel code, 2721K rwdata, 13520K rodata, 3644K init, 3008K bss, 412964K reserved, 0K cma-reserved)
Jun 16 10:44:40 nixos kernel: devtmpfs: initialized
Jun 16 10:44:40 nixos kernel: x86/mm: Memory block size: 128MB
Jun 16 10:44:40 nixos kernel: ACPI: PM: Registering ACPI NVS region [mem 0x78845000-0x78944fff] (1048576 bytes)
Jun 16 10:44:40 nixos kernel: clocksource: jiffies: mask: 0xffffffff max_cycles: 0xffffffff, max_idle_ns: 1911260446275000 ns
Jun 16 10:44:40 nixos kernel: posixtimers hash table entries: 2048 (order: 3, 32768 bytes, linear)
Jun 16 10:44:40 nixos kernel: futex hash table entries: 1024 (65536 bytes on 1 NUMA nodes, total 64 KiB, linear).
Jun 16 10:44:40 nixos kernel: pinctrl core: initialized pinctrl subsystem
Jun 16 10:44:40 nixos kernel: PM: RTC time: 08:44:39, date: 2026-06-16
Jun 16 10:44:40 nixos kernel: NET: Registered PF_NETLINK/PF_ROUTE protocol family
Jun 16 10:44:40 nixos kernel: DMA: preallocated 2048 KiB GFP_KERNEL pool for atomic allocations
Jun 16 10:44:40 nixos kernel: DMA: preallocated 2048 KiB GFP_KERNEL|GFP_DMA pool for atomic allocations
Jun 16 10:44:40 nixos kernel: DMA: preallocated 2048 KiB GFP_KERNEL|GFP_DMA32 pool for atomic allocations
Jun 16 10:44:40 nixos kernel: audit: initializing netlink subsys (disabled)
Jun 16 10:44:40 nixos kernel: audit: type=2000 audit(1781599479.009:1): state=initialized audit_enabled=0 res=1
Jun 16 10:44:40 nixos kernel: thermal_sys: Registered thermal governor 'fair_share'
Jun 16 10:44:40 nixos kernel: thermal_sys: Registered thermal governor 'bang_bang'
Jun 16 10:44:40 nixos kernel: thermal_sys: Registered thermal governor 'step_wise'
Jun 16 10:44:40 nixos kernel: thermal_sys: Registered thermal governor 'user_space'
Jun 16 10:44:40 nixos kernel: thermal_sys: Registered thermal governor 'power_allocator'
Jun 16 10:44:40 nixos kernel: cpuidle: using governor menu
Jun 16 10:44:40 nixos kernel: efi: Freeing EFI boot services memory: 29532K
Jun 16 10:44:40 nixos kernel: acpiphp: ACPI Hot Plug PCI Controller Driver version: 0.5
Jun 16 10:44:40 nixos kernel: PCI: ECAM [mem 0xc0000000-0xcfffffff] (base 0xc0000000) for domain 0000 [bus 00-ff]
Jun 16 10:44:40 nixos kernel: PCI: Using configuration type 1 for base access
Jun 16 10:44:40 nixos kernel: kprobes: kprobe jump-optimization is enabled. All kprobes are optimized if possible.
Jun 16 10:44:40 nixos kernel: HugeTLB: registered 2.00 MiB page size, pre-allocated 0 pages
Jun 16 10:44:40 nixos kernel: HugeTLB: 28 KiB vmemmap can be freed for a 2.00 MiB page
Jun 16 10:44:40 nixos kernel: ACPI: Added _OSI(Module Device)
Jun 16 10:44:40 nixos kernel: ACPI: Added _OSI(Processor Device)
Jun 16 10:44:40 nixos kernel: ACPI: Added _OSI(Processor Aggregator Device)
Jun 16 10:44:40 nixos kernel: ACPI: 9 ACPI AML tables successfully acquired and loaded
Jun 16 10:44:40 nixos kernel: ACPI: Dynamic OEM Table Load:
Jun 16 10:44:40 nixos kernel: ACPI: SSDT 0xFFFF8BACC33E8400 000394 (v02 PmRef  Cpu0Cst  00003001 INTL 20191018)
Jun 16 10:44:40 nixos kernel: ACPI: Dynamic OEM Table Load:
Jun 16 10:44:40 nixos kernel: ACPI: SSDT 0xFFFF8BACC34AA000 000479 (v02 PmRef  Cpu0Ist  00003000 INTL 20191018)
Jun 16 10:44:40 nixos kernel: ACPI: Dynamic OEM Table Load:
Jun 16 10:44:40 nixos kernel: ACPI: SSDT 0xFFFF8BACC271E000 0001B8 (v02 PmRef  Cpu0Psd  00003000 INTL 20191018)
Jun 16 10:44:40 nixos kernel: ACPI: Dynamic OEM Table Load:
Jun 16 10:44:40 nixos kernel: ACPI: SSDT 0xFFFF8BACC34C6000 0008E7 (v02 PmRef  ApIst    00003000 INTL 20191018)
Jun 16 10:44:40 nixos kernel: ACPI: Dynamic OEM Table Load:
Jun 16 10:44:40 nixos kernel: ACPI: SSDT 0xFFFF8BACC34AB800 00048A (v02 PmRef  ApHwp    00003000 INTL 20191018)
Jun 16 10:44:40 nixos kernel: ACPI: Dynamic OEM Table Load:
Jun 16 10:44:40 nixos kernel: ACPI: SSDT 0xFFFF8BACC34AB000 0004D2 (v02 PmRef  ApPsd    00003000 INTL 20191018)
Jun 16 10:44:40 nixos kernel: ACPI: Dynamic OEM Table Load:
Jun 16 10:44:40 nixos kernel: ACPI: SSDT 0xFFFF8BACC34AF000 00048A (v02 PmRef  ApCst    00003000 INTL 20191018)
Jun 16 10:44:40 nixos kernel: ACPI: Interpreter enabled
Jun 16 10:44:40 nixos kernel: ACPI: PM: (supports S0 S3 S4 S5)
Jun 16 10:44:40 nixos kernel: ACPI: Using IOAPIC for interrupt routing
Jun 16 10:44:40 nixos kernel: PCI: Using host bridge windows from ACPI; if necessary, use "pci=nocrs" and report a bug
Jun 16 10:44:40 nixos kernel: PCI: Ignoring E820 reservations for host bridge windows
Jun 16 10:44:40 nixos kernel: ACPI: Enabled 6 GPEs in block 00 to 7F
Jun 16 10:44:40 nixos kernel: ACPI: \_SB_.PC00.CNVW.WRST: New power resource
Jun 16 10:44:40 nixos kernel: ACPI: \_TZ_.FN00: New power resource
Jun 16 10:44:40 nixos kernel: ACPI: \_TZ_.FN01: New power resource
Jun 16 10:44:40 nixos kernel: ACPI: \_TZ_.FN02: New power resource
Jun 16 10:44:40 nixos kernel: ACPI: \_TZ_.FN03: New power resource
Jun 16 10:44:40 nixos kernel: ACPI: \_TZ_.FN04: New power resource
Jun 16 10:44:40 nixos kernel: ACPI: \PIN_: New power resource
Jun 16 10:44:40 nixos kernel: ACPI: PCI Root Bridge [PC00] (domain 0000 [bus 00-fe])
Jun 16 10:44:40 nixos kernel: acpi PNP0A08:00: _OSC: OS supports [ExtendedConfig Segments MSI HPX-Type3]
Jun 16 10:44:40 nixos kernel: acpi PNP0A08:00: _OSC: not requesting OS control; OS requires [ExtendedConfig ASPM ClockPM MSI]
Jun 16 10:44:40 nixos kernel: PCI host bridge to bus 0000:00
Jun 16 10:44:40 nixos kernel: pci_bus 0000:00: root bus resource [io  0x0000-0x0cf7 window]
Jun 16 10:44:40 nixos kernel: pci_bus 0000:00: root bus resource [io  0x0d00-0xffff window]
Jun 16 10:44:40 nixos kernel: pci_bus 0000:00: root bus resource [mem 0x000a0000-0x000fffff window]
Jun 16 10:44:40 nixos kernel: pci_bus 0000:00: root bus resource [mem 0x7fc00000-0xbfffffff window]
Jun 16 10:44:40 nixos kernel: pci_bus 0000:00: root bus resource [mem 0x4000000000-0x7fffffffff window]
Jun 16 10:44:40 nixos kernel: pci_bus 0000:00: root bus resource [bus 00-fe]
Jun 16 10:44:40 nixos kernel: pci 0000:00:00.0: [8086:4e24] type 00 class 0x060000 conventional PCI endpoint
Jun 16 10:44:40 nixos kernel: pci 0000:00:02.0: [8086:4e61] type 00 class 0x030000 PCIe Root Complex Integrated Endpoint
Jun 16 10:44:40 nixos kernel: pci 0000:00:02.0: BAR 0 [mem 0x6000000000-0x6000ffffff 64bit]
Jun 16 10:44:40 nixos kernel: pci 0000:00:02.0: BAR 2 [mem 0x4000000000-0x400fffffff 64bit pref]
Jun 16 10:44:40 nixos kernel: pci 0000:00:02.0: BAR 4 [io  0x5000-0x503f]
Jun 16 10:44:40 nixos kernel: pci 0000:00:02.0: DMAR: Skip IOMMU disabling for graphics
Jun 16 10:44:40 nixos kernel: pci 0000:00:02.0: Video device with shadowed ROM at [mem 0x000c0000-0x000dffff]
Jun 16 10:44:40 nixos kernel: pci 0000:00:04.0: [8086:4e03] type 00 class 0x118000 conventional PCI endpoint
Jun 16 10:44:40 nixos kernel: pci 0000:00:04.0: BAR 0 [mem 0x6001110000-0x600111ffff 64bit]
Jun 16 10:44:40 nixos kernel: pci 0000:00:14.0: [8086:4ded] type 00 class 0x0c0330 conventional PCI endpoint
Jun 16 10:44:40 nixos kernel: pci 0000:00:14.0: BAR 0 [mem 0x6001100000-0x600110ffff 64bit]
Jun 16 10:44:40 nixos kernel: pci 0000:00:14.0: PME# supported from D3hot D3cold
Jun 16 10:44:40 nixos kernel: pci 0000:00:14.2: [8086:4def] type 00 class 0x050000 conventional PCI endpoint
Jun 16 10:44:40 nixos kernel: pci 0000:00:14.2: BAR 0 [mem 0x6001124000-0x6001125fff 64bit]
Jun 16 10:44:40 nixos kernel: pci 0000:00:14.2: BAR 2 [mem 0x6001130000-0x6001130fff 64bit]
Jun 16 10:44:40 nixos kernel: pci 0000:00:15.0: [8086:4de8] type 00 class 0x0c8000 conventional PCI endpoint
Jun 16 10:44:40 nixos kernel: pci 0000:00:15.0: BAR 0 [mem 0x00000000-0x00000fff 64bit]
Jun 16 10:44:40 nixos kernel: pci 0000:00:15.1: [8086:4de9] type 00 class 0x0c8000 conventional PCI endpoint
Jun 16 10:44:40 nixos kernel: pci 0000:00:15.1: BAR 0 [mem 0x00000000-0x00000fff 64bit]
Jun 16 10:44:40 nixos kernel: pci 0000:00:15.2: [8086:4dea] type 00 class 0x0c8000 conventional PCI endpoint
Jun 16 10:44:40 nixos kernel: pci 0000:00:15.2: BAR 0 [mem 0x00000000-0x00000fff 64bit]
Jun 16 10:44:40 nixos kernel: pci 0000:00:16.0: [8086:4de0] type 00 class 0x078000 conventional PCI endpoint
Jun 16 10:44:40 nixos kernel: pci 0000:00:16.0: BAR 0 [mem 0x600112c000-0x600112cfff 64bit]
Jun 16 10:44:40 nixos kernel: pci 0000:00:16.0: PME# supported from D3hot
Jun 16 10:44:40 nixos kernel: pci 0000:00:17.0: [8086:4dd3] type 00 class 0x010601 conventional PCI endpoint
Jun 16 10:44:40 nixos kernel: pci 0000:00:17.0: BAR 0 [mem 0x7fe00000-0x7fe01fff]
Jun 16 10:44:40 nixos kernel: pci 0000:00:17.0: BAR 1 [mem 0x7fe03000-0x7fe030ff]
Jun 16 10:44:40 nixos kernel: pci 0000:00:17.0: BAR 2 [io  0x5090-0x5097]
Jun 16 10:44:40 nixos kernel: pci 0000:00:17.0: BAR 3 [io  0x5080-0x5083]
Jun 16 10:44:40 nixos kernel: pci 0000:00:17.0: BAR 4 [io  0x5060-0x507f]
Jun 16 10:44:40 nixos kernel: pci 0000:00:17.0: BAR 5 [mem 0x7fe02000-0x7fe027ff]
Jun 16 10:44:40 nixos kernel: pci 0000:00:17.0: PME# supported from D3hot
Jun 16 10:44:40 nixos kernel: pci 0000:00:19.0: [8086:4dc5] type 00 class 0x0c8000 conventional PCI endpoint
Jun 16 10:44:40 nixos kernel: pci 0000:00:19.0: BAR 0 [mem 0x00000000-0x00000fff 64bit]
Jun 16 10:44:40 nixos kernel: pci 0000:00:19.1: [8086:4dc6] type 00 class 0x0c8000 conventional PCI endpoint
Jun 16 10:44:40 nixos kernel: pci 0000:00:19.1: BAR 0 [mem 0x00000000-0x00000fff 64bit]
Jun 16 10:44:40 nixos kernel: pci 0000:00:1a.0: [8086:4dc4] type 00 class 0x080501 conventional PCI endpoint
Jun 16 10:44:40 nixos kernel: pci 0000:00:1a.0: BAR 0 [mem 0x6001129000-0x6001129fff 64bit]
Jun 16 10:44:40 nixos kernel: pci 0000:00:1c.0: [8086:4db8] type 01 class 0x060400 PCIe Root Port
Jun 16 10:44:40 nixos kernel: pci 0000:00:1c.0: PCI bridge to [bus 01]
Jun 16 10:44:40 nixos kernel: pci 0000:00:1c.0:   bridge window [io  0x4000-0x4fff]
Jun 16 10:44:40 nixos kernel: pci 0000:00:1c.0:   bridge window [mem 0x7fd00000-0x7fdfffff]
Jun 16 10:44:40 nixos kernel: pci 0000:00:1c.0: PME# supported from D0 D3hot D3cold
Jun 16 10:44:40 nixos kernel: pci 0000:00:1c.1: [8086:4db9] type 01 class 0x060400 PCIe Root Port
Jun 16 10:44:40 nixos kernel: pci 0000:00:1c.1: PCI bridge to [bus 02]
Jun 16 10:44:40 nixos kernel: pci 0000:00:1c.1:   bridge window [io  0x3000-0x3fff]
Jun 16 10:44:40 nixos kernel: pci 0000:00:1c.1:   bridge window [mem 0x7fc00000-0x7fcfffff]
Jun 16 10:44:40 nixos kernel: pci 0000:00:1c.1: PME# supported from D0 D3hot D3cold
Jun 16 10:44:40 nixos kernel: pci 0000:00:1e.0: [8086:4da8] type 00 class 0x078000 conventional PCI endpoint
Jun 16 10:44:40 nixos kernel: pci 0000:00:1e.0: BAR 0 [mem 0x00000000-0x00000fff 64bit]
Jun 16 10:44:40 nixos kernel: pci 0000:00:1e.3: [8086:4dab] type 00 class 0x0c8000 conventional PCI endpoint
Jun 16 10:44:40 nixos kernel: pci 0000:00:1e.3: BAR 0 [mem 0x00000000-0x00000fff 64bit]
Jun 16 10:44:40 nixos kernel: pci 0000:00:1f.0: [8086:4d87] type 00 class 0x060100 conventional PCI endpoint
Jun 16 10:44:40 nixos kernel: pci 0000:00:1f.3: [8086:4dc8] type 00 class 0x040300 conventional PCI endpoint
Jun 16 10:44:40 nixos kernel: pci 0000:00:1f.3: BAR 0 [mem 0x6001120000-0x6001123fff 64bit]
Jun 16 10:44:40 nixos kernel: pci 0000:00:1f.3: BAR 4 [mem 0x6001000000-0x60010fffff 64bit]
Jun 16 10:44:40 nixos kernel: pci 0000:00:1f.3: PME# supported from D3hot D3cold
Jun 16 10:44:40 nixos kernel: pci 0000:00:1f.4: [8086:4da3] type 00 class 0x0c0500 conventional PCI endpoint
Jun 16 10:44:40 nixos kernel: pci 0000:00:1f.4: BAR 0 [mem 0x6001126000-0x60011260ff 64bit]
Jun 16 10:44:40 nixos kernel: pci 0000:00:1f.4: BAR 4 [io  0xefa0-0xefbf]
Jun 16 10:44:40 nixos kernel: pci 0000:00:1f.5: [8086:4da4] type 00 class 0x0c8000 conventional PCI endpoint
Jun 16 10:44:40 nixos kernel: pci 0000:00:1f.5: BAR 0 [mem 0xfe010000-0xfe010fff]
Jun 16 10:44:40 nixos kernel: pci 0000:01:00.0: [10ec:8168] type 00 class 0x020000 PCIe Endpoint
Jun 16 10:44:40 nixos kernel: pci 0000:01:00.0: BAR 0 [io  0x4000-0x40ff]
Jun 16 10:44:40 nixos kernel: pci 0000:01:00.0: BAR 2 [mem 0x7fd04000-0x7fd04fff 64bit]
Jun 16 10:44:40 nixos kernel: pci 0000:01:00.0: BAR 4 [mem 0x7fd00000-0x7fd03fff 64bit]
Jun 16 10:44:40 nixos kernel: pci 0000:01:00.0: supports D1 D2
Jun 16 10:44:40 nixos kernel: pci 0000:01:00.0: PME# supported from D0 D1 D2 D3hot D3cold
Jun 16 10:44:40 nixos kernel: pci 0000:00:1c.0: PCI bridge to [bus 01]
Jun 16 10:44:40 nixos kernel: pci 0000:02:00.0: [10ec:c821] type 00 class 0x028000 PCIe Endpoint
Jun 16 10:44:40 nixos kernel: pci 0000:02:00.0: BAR 0 [io  0x3000-0x30ff]
Jun 16 10:44:40 nixos kernel: pci 0000:02:00.0: BAR 2 [mem 0x7fc00000-0x7fc0ffff 64bit]
Jun 16 10:44:40 nixos kernel: pci 0000:02:00.0: supports D1 D2
Jun 16 10:44:40 nixos kernel: pci 0000:02:00.0: PME# supported from D0 D1 D2 D3hot D3cold
Jun 16 10:44:40 nixos kernel: pci 0000:00:1c.1: PCI bridge to [bus 02]
Jun 16 10:44:40 nixos kernel: ACPI: PCI: Interrupt link LNKA configured for IRQ 0
Jun 16 10:44:40 nixos kernel: ACPI: PCI: Interrupt link LNKB configured for IRQ 1
Jun 16 10:44:40 nixos kernel: ACPI: PCI: Interrupt link LNKC configured for IRQ 0
Jun 16 10:44:40 nixos kernel: ACPI: PCI: Interrupt link LNKD configured for IRQ 0
Jun 16 10:44:40 nixos kernel: ACPI: PCI: Interrupt link LNKE configured for IRQ 0
Jun 16 10:44:40 nixos kernel: ACPI: PCI: Interrupt link LNKF configured for IRQ 0
Jun 16 10:44:40 nixos kernel: ACPI: PCI: Interrupt link LNKG configured for IRQ 0
Jun 16 10:44:40 nixos kernel: ACPI: PCI: Interrupt link LNKH configured for IRQ 0
Jun 16 10:44:40 nixos kernel: iommu: Default domain type: Translated
Jun 16 10:44:40 nixos kernel: iommu: DMA domain TLB invalidation policy: lazy mode
Jun 16 10:44:40 nixos kernel: ACPI: bus type USB registered
Jun 16 10:44:40 nixos kernel: usbcore: registered new interface driver usbfs
Jun 16 10:44:40 nixos kernel: usbcore: registered new interface driver hub
Jun 16 10:44:40 nixos kernel: usbcore: registered new device driver usb
Jun 16 10:44:40 nixos kernel: efivars: Registered efivars operations
Jun 16 10:44:40 nixos kernel: NetLabel: Initializing
Jun 16 10:44:40 nixos kernel: NetLabel:  domain hash size = 128
Jun 16 10:44:40 nixos kernel: NetLabel:  protocols = UNLABELED CIPSOv4 CALIPSO
Jun 16 10:44:40 nixos kernel: NetLabel:  unlabeled traffic allowed by default
Jun 16 10:44:40 nixos kernel: PCI: Using ACPI for IRQ routing
Jun 16 10:44:40 nixos kernel: PCI: pci_cache_line_size set to 64 bytes
Jun 16 10:44:40 nixos kernel: pci 0000:00:1f.5: BAR 0 [mem 0xfe010000-0xfe010fff]: can't claim; no compatible bridge window
Jun 16 10:44:40 nixos kernel: e820: reserve RAM buffer [mem 0x0009f000-0x0009ffff]
Jun 16 10:44:40 nixos kernel: e820: reserve RAM buffer [mem 0x73642000-0x73ffffff]
Jun 16 10:44:40 nixos kernel: e820: reserve RAM buffer [mem 0x75342000-0x77ffffff]
Jun 16 10:44:40 nixos kernel: e820: reserve RAM buffer [mem 0x760c5000-0x77ffffff]
Jun 16 10:44:40 nixos kernel: e820: reserve RAM buffer [mem 0x79000000-0x7bffffff]
Jun 16 10:44:40 nixos kernel: e820: reserve RAM buffer [mem 0x380400000-0x383ffffff]
Jun 16 10:44:40 nixos kernel: pci 0000:00:02.0: vgaarb: setting as boot VGA device
Jun 16 10:44:40 nixos kernel: pci 0000:00:02.0: vgaarb: bridge control possible
Jun 16 10:44:40 nixos kernel: pci 0000:00:02.0: vgaarb: VGA device added: decodes=io+mem,owns=io+mem,locks=none
Jun 16 10:44:40 nixos kernel: vgaarb: loaded
Jun 16 10:44:40 nixos kernel: Monitor-Mwait will be used to enter C-1 state
Jun 16 10:44:40 nixos kernel: Monitor-Mwait will be used to enter C-2 state
Jun 16 10:44:40 nixos kernel: Monitor-Mwait will be used to enter C-3 state
Jun 16 10:44:40 nixos kernel: clocksource: Switched to clocksource tsc-early
Jun 16 10:44:40 nixos kernel: VFS: Disk quotas dquot_6.6.0
Jun 16 10:44:40 nixos kernel: VFS: Dquot-cache hash table entries: 512 (order 0, 4096 bytes)
Jun 16 10:44:40 nixos kernel: pnp: PnP ACPI init
Jun 16 10:44:40 nixos kernel: system 00:00: [io  0x0680-0x069f] has been reserved
Jun 16 10:44:40 nixos kernel: system 00:00: [io  0x164e-0x164f] has been reserved
Jun 16 10:44:40 nixos kernel: system 00:01: [mem 0xfea80000-0xfeafffff] has been reserved
Jun 16 10:44:40 nixos kernel: system 00:01: [mem 0xfeda0000-0xfeda0fff] has been reserved
Jun 16 10:44:40 nixos kernel: system 00:01: [mem 0xfeda1000-0xfeda1fff] has been reserved
Jun 16 10:44:40 nixos kernel: system 00:01: [mem 0xc0000000-0xcfffffff] has been reserved
Jun 16 10:44:40 nixos kernel: system 00:01: [mem 0xfed20000-0xfed7ffff] could not be reserved
Jun 16 10:44:40 nixos kernel: system 00:01: [mem 0xfed90000-0xfed93fff] could not be reserved
Jun 16 10:44:40 nixos kernel: system 00:01: [mem 0xfed45000-0xfed8ffff] could not be reserved
Jun 16 10:44:40 nixos kernel: system 00:01: [mem 0xfee00000-0xfeefffff] could not be reserved
Jun 16 10:44:40 nixos kernel: system 00:02: [io  0x1800-0x18fe] could not be reserved
Jun 16 10:44:40 nixos kernel: system 00:02: [mem 0xfe000000-0xfe01ffff] could not be reserved
Jun 16 10:44:40 nixos kernel: system 00:02: [mem 0xfe04c000-0xfe04ffff] has been reserved
Jun 16 10:44:40 nixos kernel: system 00:02: [mem 0xfe050000-0xfe0affff] has been reserved
Jun 16 10:44:40 nixos kernel: system 00:02: [mem 0xfe0d0000-0xfe0fffff] has been reserved
Jun 16 10:44:40 nixos kernel: system 00:02: [mem 0xfe200000-0xfe7fffff] has been reserved
Jun 16 10:44:40 nixos kernel: system 00:02: [mem 0xff000000-0xffffffff] has been reserved
Jun 16 10:44:40 nixos kernel: system 00:02: [mem 0xfd000000-0xfd68ffff] has been reserved
Jun 16 10:44:40 nixos kernel: system 00:02: [mem 0xfd6b0000-0xfd6cffff] has been reserved
Jun 16 10:44:40 nixos kernel: system 00:02: [mem 0xfd6f0000-0xfdffffff] has been reserved
Jun 16 10:44:40 nixos kernel: system 00:03: [io  0x2000-0x20fe] has been reserved
Jun 16 10:44:40 nixos kernel: pnp: PnP ACPI: found 5 devices
Jun 16 10:44:40 nixos kernel: clocksource: acpi_pm: mask: 0xffffff max_cycles: 0xffffff, max_idle_ns: 2085701024 ns
Jun 16 10:44:40 nixos kernel: NET: Registered PF_INET protocol family
Jun 16 10:44:40 nixos kernel: IP idents hash table entries: 262144 (order: 9, 2097152 bytes, linear)
Jun 16 10:44:40 nixos kernel: tcp_listen_portaddr_hash hash table entries: 8192 (order: 5, 131072 bytes, linear)
Jun 16 10:44:40 nixos kernel: Table-perturb hash table entries: 65536 (order: 6, 262144 bytes, linear)
Jun 16 10:44:40 nixos kernel: TCP established hash table entries: 131072 (order: 8, 1048576 bytes, linear)
Jun 16 10:44:40 nixos kernel: TCP bind hash table entries: 65536 (order: 9, 2097152 bytes, linear)
Jun 16 10:44:40 nixos kernel: TCP: Hash tables configured (established 131072 bind 65536)
Jun 16 10:44:40 nixos kernel: MPTCP token hash table entries: 16384 (order: 7, 393216 bytes, linear)
Jun 16 10:44:40 nixos kernel: UDP hash table entries: 8192 (order: 7, 524288 bytes, linear)
Jun 16 10:44:40 nixos kernel: UDP-Lite hash table entries: 8192 (order: 7, 524288 bytes, linear)
Jun 16 10:44:40 nixos kernel: NET: Registered PF_UNIX/PF_LOCAL protocol family
Jun 16 10:44:40 nixos kernel: NET: Registered PF_XDP protocol family
Jun 16 10:44:40 nixos kernel: pci 0000:00:15.0: BAR 0 [mem 0x4010000000-0x4010000fff 64bit]: assigned
Jun 16 10:44:40 nixos kernel: pci 0000:00:15.1: BAR 0 [mem 0x4010001000-0x4010001fff 64bit]: assigned
Jun 16 10:44:40 nixos kernel: pci 0000:00:15.2: BAR 0 [mem 0x4010002000-0x4010002fff 64bit]: assigned
Jun 16 10:44:40 nixos kernel: pci 0000:00:19.0: BAR 0 [mem 0x4010003000-0x4010003fff 64bit]: assigned
Jun 16 10:44:40 nixos kernel: pci 0000:00:19.1: BAR 0 [mem 0x4010004000-0x4010004fff 64bit]: assigned
Jun 16 10:44:40 nixos kernel: pci 0000:00:1e.0: BAR 0 [mem 0x4010005000-0x4010005fff 64bit]: assigned
Jun 16 10:44:40 nixos kernel: pci 0000:00:1e.3: BAR 0 [mem 0x4010006000-0x4010006fff 64bit]: assigned
Jun 16 10:44:40 nixos kernel: pci 0000:00:1f.5: BAR 0 [mem 0x7fe04000-0x7fe04fff]: assigned
Jun 16 10:44:40 nixos kernel: pci 0000:00:1c.0: PCI bridge to [bus 01]
Jun 16 10:44:40 nixos kernel: pci 0000:00:1c.0:   bridge window [io  0x4000-0x4fff]
Jun 16 10:44:40 nixos kernel: pci 0000:00:1c.0:   bridge window [mem 0x7fd00000-0x7fdfffff]
Jun 16 10:44:40 nixos kernel: pci 0000:00:1c.1: PCI bridge to [bus 02]
Jun 16 10:44:40 nixos kernel: pci 0000:00:1c.1:   bridge window [io  0x3000-0x3fff]
Jun 16 10:44:40 nixos kernel: pci 0000:00:1c.1:   bridge window [mem 0x7fc00000-0x7fcfffff]
Jun 16 10:44:40 nixos kernel: pci_bus 0000:00: resource 4 [io  0x0000-0x0cf7 window]
Jun 16 10:44:40 nixos kernel: pci_bus 0000:00: resource 5 [io  0x0d00-0xffff window]
Jun 16 10:44:40 nixos kernel: pci_bus 0000:00: resource 6 [mem 0x000a0000-0x000fffff window]
Jun 16 10:44:40 nixos kernel: pci_bus 0000:00: resource 7 [mem 0x7fc00000-0xbfffffff window]
Jun 16 10:44:40 nixos kernel: pci_bus 0000:00: resource 8 [mem 0x4000000000-0x7fffffffff window]
Jun 16 10:44:40 nixos kernel: pci_bus 0000:01: resource 0 [io  0x4000-0x4fff]
Jun 16 10:44:40 nixos kernel: pci_bus 0000:01: resource 1 [mem 0x7fd00000-0x7fdfffff]
Jun 16 10:44:40 nixos kernel: pci_bus 0000:02: resource 0 [io  0x3000-0x3fff]
Jun 16 10:44:40 nixos kernel: pci_bus 0000:02: resource 1 [mem 0x7fc00000-0x7fcfffff]
Jun 16 10:44:40 nixos kernel: PCI: CLS 64 bytes, default 64
Jun 16 10:44:40 nixos kernel: PCI-DMA: Using software bounce buffering for IO (SWIOTLB)
Jun 16 10:44:40 nixos kernel: software IO TLB: mapped [mem 0x000000006e57f000-0x000000007257f000] (64MB)
Jun 16 10:44:40 nixos kernel: Trying to unpack rootfs image as initramfs...
Jun 16 10:44:40 nixos kernel: clocksource: tsc: mask: 0xffffffffffffffff max_cycles: 0x3990bec8342, max_idle_ns: 881590769617 ns
Jun 16 10:44:40 nixos kernel: clocksource: Switched to clocksource tsc
Jun 16 10:44:40 nixos kernel: platform rtc_cmos: registered platform RTC device (no PNP device found)
Jun 16 10:44:40 nixos kernel: Initialise system trusted keyrings
Jun 16 10:44:40 nixos kernel: workingset: timestamp_bits=40 max_order=22 bucket_order=0
Jun 16 10:44:40 nixos kernel: Key type asymmetric registered
Jun 16 10:44:40 nixos kernel: Asymmetric key parser 'x509' registered
Jun 16 10:44:40 nixos kernel: Block layer SCSI generic (bsg) driver version 0.4 loaded (major 248)
Jun 16 10:44:40 nixos kernel: io scheduler mq-deadline registered
Jun 16 10:44:40 nixos kernel: io scheduler kyber registered
Jun 16 10:44:40 nixos kernel: Serial: 8250/16550 driver, 4 ports, IRQ sharing enabled
Jun 16 10:44:40 nixos kernel: hpet_acpi_add: no address or irqs in _CRS
Jun 16 10:44:40 nixos kernel: Linux agpgart interface v0.103
Jun 16 10:44:40 nixos kernel: ACPI: bus type drm_connector registered
Jun 16 10:44:40 nixos kernel: usbcore: registered new interface driver usbserial_generic
Jun 16 10:44:40 nixos kernel: usbserial: USB Serial support registered for generic
Jun 16 10:44:40 nixos kernel: intel_pstate: Intel P-state driver initializing
Jun 16 10:44:40 nixos kernel: intel_pstate: HWP enabled
Jun 16 10:44:40 nixos kernel: simple-framebuffer simple-framebuffer.0: [drm] Registered 1 planes with drm panic
Jun 16 10:44:40 nixos kernel: [drm] Initialized simpledrm 1.0.0 for simple-framebuffer.0 on minor 0
Jun 16 10:44:40 nixos kernel: fbcon: Deferring console take-over
Jun 16 10:44:40 nixos kernel: simple-framebuffer simple-framebuffer.0: [drm] fb0: simpledrmdrmfb frame buffer device
Jun 16 10:44:40 nixos kernel: pstore: Using crash dump compression: deflate
Jun 16 10:44:40 nixos kernel: pstore: Registered efi_pstore as persistent store backend
Jun 16 10:44:40 nixos kernel: drop_monitor: Initializing network drop monitor service
Jun 16 10:44:40 nixos kernel: NET: Registered PF_INET6 protocol family
Jun 16 10:44:40 nixos kernel: Segment Routing with IPv6
Jun 16 10:44:40 nixos kernel: In-situ OAM (IOAM) with IPv6
Jun 16 10:44:40 nixos kernel: ENERGY_PERF_BIAS: Set to 'normal', was 'performance'
Jun 16 10:44:40 nixos kernel: microcode: Current revision: 0x24000026
Jun 16 10:44:40 nixos kernel: microcode: Updated early from: 0x2400001e
Jun 16 10:44:40 nixos kernel: resctrl: L2 allocation detected
Jun 16 10:44:40 nixos kernel: IPI shorthand broadcast: enabled
Jun 16 10:44:40 nixos kernel: sched_clock: Marking stable (500002499, 6533949)->(535997245, -29460797)
Jun 16 10:44:40 nixos kernel: registered taskstats version 1
Jun 16 10:44:40 nixos kernel: Loading compiled-in X.509 certificates
Jun 16 10:44:40 nixos kernel: Demotion targets for Node 0: null
Jun 16 10:44:40 nixos kernel: Key type .fscrypt registered
Jun 16 10:44:40 nixos kernel: Key type fscrypt-provisioning registered
Jun 16 10:44:40 nixos kernel: ima: Allocated hash algorithm: sha1
Jun 16 10:44:40 nixos kernel: ima: No architecture policies found
Jun 16 10:44:40 nixos kernel: PM:   Magic number: 14:732:725
Jun 16 10:44:40 nixos kernel: pci 0000:01:00.0: hash matches
Jun 16 10:44:40 nixos kernel: RAS: Correctable Errors collector initialized.
Jun 16 10:44:40 nixos kernel: clk: Disabling unused clocks
Jun 16 10:44:40 nixos kernel: PM: genpd: Disabling unused power domains
Jun 16 10:44:40 nixos kernel: Freeing initrd memory: 41712K
Jun 16 10:44:40 nixos kernel: Freeing unused decrypted memory: 2028K
Jun 16 10:44:40 nixos kernel: Freeing unused kernel image (initmem) memory: 3644K
Jun 16 10:44:40 nixos kernel: Write protecting the kernel read-only data: 32768k
Jun 16 10:44:40 nixos kernel: Freeing unused kernel image (text/rodata gap) memory: 1332K
Jun 16 10:44:40 nixos kernel: Freeing unused kernel image (rodata/data gap) memory: 816K
Jun 16 10:44:40 nixos kernel: x86/mm: Checked W+X mappings: passed, no W+X pages found.
Jun 16 10:44:40 nixos kernel: Run /init as init process
Jun 16 10:44:40 nixos kernel:   with arguments:
Jun 16 10:44:40 nixos kernel:     /init
Jun 16 10:44:40 nixos kernel:   with environment:
Jun 16 10:44:40 nixos kernel:     HOME=/
Jun 16 10:44:40 nixos kernel:     TERM=linux
Jun 16 10:44:40 nixos kernel:     mitigation=off
Jun 16 10:44:40 nixos systemd[1]: Inserted module 'autofs4'
Jun 16 10:44:40 nixos systemd[1]: Successfully made /usr/ read-only.
Jun 16 10:44:40 nixos systemd[1]: systemd 260.1 running in system mode (+PAM +AUDIT -SELINUX +APPARMOR +IMA +IPE +SMACK +SECCOMP +GCRYPT -GNUTLS +OPENSSL +ACL +BLKID +CURL +ELFUTILS +FIDO2 +IDN2 +KMOD +LIBCRYPTSETUP +LIBCRYPTSETUP_PLUGINS +LIBFDISK +PCRE2 +PWQUALITY +P11KIT +QRENCODE +TPM2 +BZIP2 +LZ4 +XZ +ZLIB +ZSTD +BPF_FRAMEWORK -BTF -XKBCOMMON +UTMP +LIBARCHIVE)
Jun 16 10:44:40 nixos systemd[1]: Detected architecture x86-64.
Jun 16 10:44:40 nixos systemd[1]: Running in initrd.
Jun 16 10:44:40 nixos kernel: fbcon: Taking over console
Jun 16 10:44:40 nixos kernel: Console: switching to colour frame buffer device 100x37
Jun 16 10:44:40 nixos systemd[1]: Initializing machine ID from random generator.
Jun 16 10:44:40 nixos systemd[1]: Hostname set to <nixos>.
Jun 16 10:44:40 nixos systemd[1]: Queued start job for default target Initrd Default Target.
Jun 16 10:44:40 nixos systemd[1]: Created slice Slice /system/modprobe.
Jun 16 10:44:40 nixos systemd[1]: Started Dispatch Password Requests to Console Directory Watch.
Jun 16 10:44:40 nixos systemd[1]: Expecting device /dev/disk/by-uuid/414dfb12-d8b7-4009-ae28-abe135010da1...
Jun 16 10:44:40 nixos systemd[1]: Reached target Path Units.
Jun 16 10:44:40 nixos systemd[1]: Reached target Slice Units.
Jun 16 10:44:40 nixos systemd[1]: Reached target Swaps.
Jun 16 10:44:40 nixos systemd[1]: Reached target Timer Units.
Jun 16 10:44:40 nixos systemd[1]: Listening on D-Bus System Message Bus Socket.
Jun 16 10:44:40 nixos systemd[1]: Listening on Journal Socket (/dev/log).
Jun 16 10:44:40 nixos systemd[1]: Listening on Journal Sockets.
Jun 16 10:44:40 nixos systemd[1]: Listening on udev Control Socket.
Jun 16 10:44:40 nixos systemd[1]: Listening on udev Kernel Socket.
Jun 16 10:44:40 nixos systemd[1]: Reached target Socket Units.
Jun 16 10:44:40 nixos systemd[1]: Starting Create List of Static Device Nodes...
Jun 16 10:44:40 nixos systemd[1]: Starting Load Kernel Module configfs...
Jun 16 10:44:40 nixos systemd[1]: Starting Journal Service...
Jun 16 10:44:40 nixos systemd[1]: Starting Load Kernel Modules...
Jun 16 10:44:40 nixos systemd[1]: Early TPM SRK Setup skipped, unmet condition check ConditionSecurity=measured-uki
Jun 16 10:44:40 nixos systemd[1]: Starting Coldplug All udev Devices...
Jun 16 10:44:40 nixos systemd-journald[145]: Collecting audit messages is disabled.
Jun 16 10:44:40 nixos systemd[1]: Finished Create List of Static Device Nodes.
Jun 16 10:44:40 nixos systemd[1]: modprobe@configfs.service: Deactivated successfully.
Jun 16 10:44:40 nixos systemd[1]: Finished Load Kernel Module configfs.
Jun 16 10:44:40 nixos systemd[1]: Kernel Configuration File System skipped, unmet condition check ConditionPathExists=/sys/kernel/config
Jun 16 10:44:40 nixos systemd[1]: Starting Create Static Device Nodes in /dev gracefully...
Jun 16 10:44:40 nixos kernel: device-mapper: core: CONFIG_IMA_DISABLE_HTABLE is disabled. Duplicate IMA measurements will not be recorded in the IMA log.
Jun 16 10:44:40 nixos kernel: device-mapper: ioctl: 4.50.0-ioctl (2025-04-28) initialised: dm-devel@lists.linux.dev
Jun 16 10:44:40 nixos systemd[1]: Finished Load Kernel Modules.
Jun 16 10:44:40 nixos systemd[1]: Starting Apply Kernel Variables...
Jun 16 10:44:40 nixos systemd[1]: Finished Create Static Device Nodes in /dev gracefully.
Jun 16 10:44:40 nixos systemd[1]: Starting Create Static Device Nodes in /dev...
Jun 16 10:44:40 nixos systemd-journald[145]: Journal started
░░ Subject: The journal has been started
░░ Defined-By: systemd
░░ Support: https://lists.freedesktop.org/mailman/listinfo/systemd-devel
░░ 
░░ The system journal process has started up, opened the journal
░░ files for writing and is now ready to process requests.
Jun 16 10:44:40 nixos systemd-journald[145]: Runtime Journal (/run/log/journal/5967e98431804c15a7bd3759d2e63660) is 8M, max 236.1M, 228.1M free.
░░ Subject: Disk space used by the journal
░░ Defined-By: systemd
░░ Support: https://lists.freedesktop.org/mailman/listinfo/systemd-devel
░░ 
░░ Runtime Journal (/run/log/journal/5967e98431804c15a7bd3759d2e63660) is currently using 8M.
░░ Maximum allowed usage is set to 236.1M.
░░ Leaving at least 118M free (of currently available 2.2G of disk space).
░░ Enforced usage limit is thus 236.1M, of which 228.1M are still available.
░░ 
░░ The limits controlling how much disk space is used by the journal may
░░ be configured with SystemMaxUse=, SystemKeepFree=, SystemMaxFileSize=,
░░ RuntimeMaxUse=, RuntimeKeepFree=, RuntimeMaxFileSize= settings in
░░ /etc/systemd/journald.conf. See journald.conf(5) for details.
Jun 16 10:44:40 nixos systemd-modules-load[147]: Inserted module 'dm_mod'
Jun 16 10:44:40 nixos systemd[1]: Started Journal Service.
Jun 16 10:44:40 nixos systemd[1]: Finished Apply Kernel Variables.
░░ Subject: A start job for unit systemd-sysctl.service has finished successfully
░░ Defined-By: systemd
░░ Support: https://lists.freedesktop.org/mailman/listinfo/systemd-devel
░░ 
░░ A start job for unit systemd-sysctl.service has finished successfully.
░░ 
░░ The job identifier is 17.
Jun 16 10:44:40 nixos systemd[1]: Finished Create Static Device Nodes in /dev.
░░ Subject: A start job for unit systemd-tmpfiles-setup-dev.service has finished successfully
░░ Defined-By: systemd
░░ Support: https://lists.freedesktop.org/mailman/listinfo/systemd-devel
░░ 
░░ A start job for unit systemd-tmpfiles-setup-dev.service has finished successfully.
░░ 
░░ The job identifier is 10.
Jun 16 10:44:40 nixos systemd[1]: Reached target Preparation for Local File Systems.
░░ Subject: A start job for unit local-fs-pre.target has finished successfully
░░ Defined-By: systemd
░░ Support: https://lists.freedesktop.org/mailman/listinfo/systemd-devel
░░ 
░░ A start job for unit local-fs-pre.target has finished successfully.
░░ 
░░ The job identifier is 11.
Jun 16 10:44:40 nixos systemd[1]: Reached target Local File Systems.
░░ Subject: A start job for unit local-fs.target has finished successfully
░░ Defined-By: systemd
░░ Support: https://lists.freedesktop.org/mailman/listinfo/systemd-devel
░░ 
░░ A start job for unit local-fs.target has finished successfully.
░░ 
░░ The job identifier is 4.
Jun 16 10:44:40 nixos systemd[1]: Starting Create System Files and Directories...
░░ Subject: A start job for unit systemd-tmpfiles-setup.service has begun execution
░░ Defined-By: systemd
░░ Support: https://lists.freedesktop.org/mailman/listinfo/systemd-devel
░░ 
░░ A start job for unit systemd-tmpfiles-setup.service has begun execution.
░░ 
░░ The job identifier is 6.
Jun 16 10:44:40 nixos systemd[1]: Starting Rule-based Manager for Device Events and Files...
░░ Subject: A start job for unit systemd-udevd.service has begun execution
░░ Defined-By: systemd
░░ Support: https://lists.freedesktop.org/mailman/listinfo/systemd-devel
░░ 
░░ A start job for unit systemd-udevd.service has begun execution.
░░ 
░░ The job identifier is 20.
Jun 16 10:44:40 nixos systemd[1]: Finished Create System Files and Directories.
░░ Subject: A start job for unit systemd-tmpfiles-setup.service has finished successfully
░░ Defined-By: systemd
░░ Support: https://lists.freedesktop.org/mailman/listinfo/systemd-devel
░░ 
░░ A start job for unit systemd-tmpfiles-setup.service has finished successfully.
░░ 
░░ The job identifier is 6.
Jun 16 10:44:40 nixos systemd-udevd[180]: Using default interface naming scheme 'v260'.
Jun 16 10:44:40 nixos systemd[1]: Started Rule-based Manager for Device Events and Files.
░░ Subject: A start job for unit systemd-udevd.service has finished successfully
░░ Defined-By: systemd
░░ Support: https://lists.freedesktop.org/mailman/listinfo/systemd-devel
░░ 
░░ A start job for unit systemd-udevd.service has finished successfully.
░░ 
░░ The job identifier is 20.
Jun 16 10:44:40 nixos systemd[1]: Finished Coldplug All udev Devices.
░░ Subject: A start job for unit systemd-udev-trigger.service has finished successfully
░░ Defined-By: systemd
░░ Support: https://lists.freedesktop.org/mailman/listinfo/systemd-devel
░░ 
░░ A start job for unit systemd-udev-trigger.service has finished successfully.
░░ 
░░ The job identifier is 19.
Jun 16 10:44:40 nixos systemd[1]: Reached target System Initialization.
░░ Subject: A start job for unit sysinit.target has finished successfully
░░ Defined-By: systemd
░░ Support: https://lists.freedesktop.org/mailman/listinfo/systemd-devel
░░ 
░░ A start job for unit sysinit.target has finished successfully.
░░ 
░░ The job identifier is 3.
Jun 16 10:44:40 nixos systemd[1]: Reached target Basic System.
░░ Subject: A start job for unit basic.target has finished successfully
░░ Defined-By: systemd
░░ Support: https://lists.freedesktop.org/mailman/listinfo/systemd-devel
░░ 
░░ A start job for unit basic.target has finished successfully.
░░ 
░░ The job identifier is 2.
Jun 16 10:44:40 nixos systemd[1]: Condition check resulted in /dev/tpmrm0 being skipped.
░░ Subject: A start job for unit dev-tpmrm0.device has finished successfully
░░ Defined-By: systemd
░░ Support: https://lists.freedesktop.org/mailman/listinfo/systemd-devel
░░ 
░░ A start job for unit dev-tpmrm0.device has finished successfully.
░░ 
░░ The job identifier is 51.
Jun 16 10:44:40 nixos systemd[1]: Expecting device /dev/tpm0...
░░ Subject: A start job for unit dev-tpm0.device has begun execution
░░ Defined-By: systemd
░░ Support: https://lists.freedesktop.org/mailman/listinfo/systemd-devel
░░ 
░░ A start job for unit dev-tpm0.device has begun execution.
░░ 
░░ The job identifier is 53.
Jun 16 10:44:40 nixos systemd[1]: Found device /dev/tpm0.
░░ Subject: A start job for unit dev-tpm0.device has finished successfully
░░ Defined-By: systemd
░░ Support: https://lists.freedesktop.org/mailman/listinfo/systemd-devel
░░ 
░░ A start job for unit dev-tpm0.device has finished successfully.
░░ 
░░ The job identifier is 53.
Jun 16 10:44:40 nixos systemd[1]: Reached target Trusted Platform Module.
░░ Subject: A start job for unit tpm2.target has finished successfully
░░ Defined-By: systemd
░░ Support: https://lists.freedesktop.org/mailman/listinfo/systemd-devel
░░ 
░░ A start job for unit tpm2.target has finished successfully.
░░ 
░░ The job identifier is 50.
Jun 16 10:44:40 nixos kernel: sdhci: Secure Digital Host Controller Interface driver
Jun 16 10:44:40 nixos kernel: sdhci: Copyright(c) Pierre Ossman
Jun 16 10:44:40 nixos kernel: SCSI subsystem initialized
Jun 16 10:44:40 nixos kernel: xhci_hcd 0000:00:14.0: xHCI Host Controller
Jun 16 10:44:40 nixos kernel: xhci_hcd 0000:00:14.0: new USB bus registered, assigned bus number 1
Jun 16 10:44:40 nixos kernel: xhci_hcd 0000:00:14.0: hcc params 0x20007fc1 hci version 0x110 quirks 0x0000000000009810
Jun 16 10:44:40 nixos kernel: xhci_hcd 0000:00:14.0: xHCI Host Controller
Jun 16 10:44:40 nixos kernel: xhci_hcd 0000:00:14.0: new USB bus registered, assigned bus number 2
Jun 16 10:44:40 nixos kernel: xhci_hcd 0000:00:14.0: Host supports USB 3.1 Enhanced SuperSpeed
Jun 16 10:44:40 nixos kernel: usb usb1: New USB device found, idVendor=1d6b, idProduct=0002, bcdDevice= 6.18
Jun 16 10:44:40 nixos kernel: usb usb1: New USB device strings: Mfr=3, Product=2, SerialNumber=1
Jun 16 10:44:40 nixos kernel: usb usb1: Product: xHCI Host Controller
Jun 16 10:44:40 nixos kernel: usb usb1: Manufacturer: Linux 6.18.35 xhci-hcd
Jun 16 10:44:40 nixos kernel: usb usb1: SerialNumber: 0000:00:14.0
Jun 16 10:44:40 nixos kernel: hub 1-0:1.0: USB hub found
Jun 16 10:44:40 nixos kernel: hub 1-0:1.0: 8 ports detected
Jun 16 10:44:40 nixos kernel: sdhci-pci 0000:00:1a.0: SDHCI controller found [8086:4dc4] (rev 1)
Jun 16 10:44:40 nixos systemd[1]: Starting Virtual Console Setup...
░░ Subject: A start job for unit systemd-vconsole-setup.service has begun execution
░░ Defined-By: systemd
░░ Support: https://lists.freedesktop.org/mailman/listinfo/systemd-devel
░░ 
░░ A start job for unit systemd-vconsole-setup.service has begun execution.
░░ 
░░ The job identifier is 55.
Jun 16 10:44:40 nixos kernel: mmc0: CQHCI version 5.10
Jun 16 10:44:40 nixos kernel: mmc0: SDHCI controller on PCI [0000:00:1a.0] using ADMA 64-bit
Jun 16 10:44:40 nixos kernel: usb usb2: New USB device found, idVendor=1d6b, idProduct=0003, bcdDevice= 6.18
Jun 16 10:44:40 nixos kernel: usb usb2: New USB device strings: Mfr=3, Product=2, SerialNumber=1
Jun 16 10:44:40 nixos kernel: usb usb2: Product: xHCI Host Controller
Jun 16 10:44:40 nixos kernel: usb usb2: Manufacturer: Linux 6.18.35 xhci-hcd
Jun 16 10:44:40 nixos kernel: usb usb2: SerialNumber: 0000:00:14.0
Jun 16 10:44:40 nixos kernel: hub 2-0:1.0: USB hub found
Jun 16 10:44:40 nixos kernel: hub 2-0:1.0: 6 ports detected
Jun 16 10:44:40 nixos systemd-vconsole-setup[212]: Configuration of first virtual console was skipped, ignoring remaining ones.
Jun 16 10:44:40 nixos kernel: libata version 3.00 loaded.
Jun 16 10:44:40 nixos systemd[1]: Finished Virtual Console Setup.
░░ Subject: A start job for unit systemd-vconsole-setup.service has finished successfully
░░ Defined-By: systemd
░░ Support: https://lists.freedesktop.org/mailman/listinfo/systemd-devel
░░ 
░░ A start job for unit systemd-vconsole-setup.service has finished successfully.
░░ 
░░ The job identifier is 55.
Jun 16 10:44:40 nixos kernel: ahci 0000:00:17.0: AHCI vers 0001.0301, 32 command slots, 6 Gbps, SATA mode
Jun 16 10:44:40 nixos kernel: ahci 0000:00:17.0: 2/2 ports implemented (port mask 0x3)
Jun 16 10:44:40 nixos kernel: ahci 0000:00:17.0: flags: 64bit ncq sntf pm clo only pio slum part deso sadm sds 
Jun 16 10:44:40 nixos kernel: scsi host0: ahci
Jun 16 10:44:40 nixos kernel: scsi host1: ahci
Jun 16 10:44:40 nixos kernel: ata1: SATA max UDMA/133 abar m2048@0x7fe02000 port 0x7fe02100 irq 127 lpm-pol 3
Jun 16 10:44:40 nixos kernel: ata2: SATA max UDMA/133 abar m2048@0x7fe02000 port 0x7fe02180 irq 127 lpm-pol 3
Jun 16 10:44:40 nixos kernel: mmc0: Failed to initialize a non-removable card
Jun 16 10:44:40 nixos kernel: usb 1-1: new full-speed USB device number 2 using xhci_hcd
Jun 16 10:44:40 nixos kernel: ata2: SATA link up 6.0 Gbps (SStatus 133 SControl 300)
Jun 16 10:44:40 nixos kernel: ata2.00: ATA-9: RS256GSSD310, W0714A0, max UDMA/133
Jun 16 10:44:40 nixos kernel: ata2.00: 500118192 sectors, multi 1: LBA48 NCQ (depth 32), AA
Jun 16 10:44:40 nixos kernel: ata2.00: Features: Dev-Sleep HIPM DIPM
Jun 16 10:44:40 nixos kernel: ata1: SATA link down (SStatus 4 SControl 300)
Jun 16 10:44:40 nixos kernel: ata2.00: configured for UDMA/133
Jun 16 10:44:40 nixos kernel: scsi 1:0:0:0: Direct-Access     ATA      RS256GSSD310     4A0  PQ: 0 ANSI: 5
Jun 16 10:44:41 nixos kernel: usb 1-1: New USB device found, idVendor=0bda, idProduct=c821, bcdDevice= 1.10
Jun 16 10:44:41 nixos kernel: usb 1-1: New USB device strings: Mfr=1, Product=2, SerialNumber=3
Jun 16 10:44:41 nixos kernel: usb 1-1: Product: Bluetooth Radio 
Jun 16 10:44:41 nixos kernel: usb 1-1: Manufacturer: Realtek 
Jun 16 10:44:41 nixos kernel: usb 1-1: SerialNumber: 00e04c000001
Jun 16 10:44:41 nixos kernel: sd 1:0:0:0: [sda] 500118192 512-byte logical blocks: (256 GB/238 GiB)
Jun 16 10:44:41 nixos kernel: sd 1:0:0:0: [sda] Write Protect is off
Jun 16 10:44:41 nixos kernel: sd 1:0:0:0: [sda] Mode Sense: 00 3a 00 00
Jun 16 10:44:41 nixos kernel: sd 1:0:0:0: [sda] Write cache: enabled, read cache: enabled, doesn't support DPO or FUA
Jun 16 10:44:41 nixos kernel: sd 1:0:0:0: [sda] Preferred minimum I/O size 512 bytes
Jun 16 10:44:41 nixos kernel:  sda: sda1 sda2
Jun 16 10:44:41 nixos kernel: sd 1:0:0:0: [sda] Attached SCSI disk
Jun 16 10:44:41 nixos systemd[1]: Found device RS256GSSD310 root.
░░ Subject: A start job for unit dev-disk-by\x2duuid-414dfb12\x2dd8b7\x2d4009\x2dae28\x2dabe135010da1.device has finished successfully
░░ Defined-By: systemd
░░ Support: https://lists.freedesktop.org/mailman/listinfo/systemd-devel
░░ 
░░ A start job for unit dev-disk-by\x2duuid-414dfb12\x2dd8b7\x2d4009\x2dae28\x2dabe135010da1.device has finished successfully.
░░ 
░░ The job identifier is 41.
Jun 16 10:44:41 nixos systemd[1]: Reached target Initrd Root Device.
░░ Subject: A start job for unit initrd-root-device.target has finished successfully
░░ Defined-By: systemd
░░ Support: https://lists.freedesktop.org/mailman/listinfo/systemd-devel
░░ 
░░ A start job for unit initrd-root-device.target has finished successfully.
░░ 
░░ The job identifier is 47.
Jun 16 10:44:41 nixos systemd[1]: Starting File System Check on /dev/disk/by-uuid/414dfb12-d8b7-4009-ae28-abe135010da1...
░░ Subject: A start job for unit systemd-fsck-root.service has begun execution
░░ Defined-By: systemd
░░ Support: https://lists.freedesktop.org/mailman/listinfo/systemd-devel
░░ 
░░ A start job for unit systemd-fsck-root.service has begun execution.
░░ 
░░ The job identifier is 42.
Jun 16 10:44:41 nixos kernel: usb 1-2: new full-speed USB device number 3 using xhci_hcd
Jun 16 10:44:41 nixos systemd-fsck[228]: root: clean, 1637988/15564800 files, 13510628/62252109 blocks
Jun 16 10:44:41 nixos systemd[1]: Finished File System Check on /dev/disk/by-uuid/414dfb12-d8b7-4009-ae28-abe135010da1.
░░ Subject: A start job for unit systemd-fsck-root.service has finished successfully
░░ Defined-By: systemd
░░ Support: https://lists.freedesktop.org/mailman/listinfo/systemd-devel
░░ 
░░ A start job for unit systemd-fsck-root.service has finished successfully.
░░ 
░░ The job identifier is 42.
Jun 16 10:44:41 nixos systemd[1]: Mounting /sysroot...
░░ Subject: A start job for unit sysroot.mount has begun execution
░░ Defined-By: systemd
░░ Support: https://lists.freedesktop.org/mailman/listinfo/systemd-devel
░░ 
░░ A start job for unit sysroot.mount has begun execution.
░░ 
░░ The job identifier is 40.
Jun 16 10:44:41 nixos kernel: EXT4-fs (sda2): mounted filesystem 414dfb12-d8b7-4009-ae28-abe135010da1 r/w with ordered data mode. Quota mode: none.
Jun 16 10:44:41 nixos systemd[1]: Mounted /sysroot.
░░ Subject: A start job for unit sysroot.mount has finished successfully
░░ Defined-By: systemd
░░ Support: https://lists.freedesktop.org/mailman/listinfo/systemd-devel
░░ 
░░ A start job for unit sysroot.mount has finished successfully.
░░ 
░░ The job identifier is 40.
Jun 16 10:44:41 nixos systemd[1]: Reached target Initrd Root File System.
░░ Subject: A start job for unit initrd-root-fs.target has finished successfully
░░ Defined-By: systemd
░░ Support: https://lists.freedesktop.org/mailman/listinfo/systemd-devel
░░ 
░░ A start job for unit initrd-root-fs.target has finished successfully.
░░ 
░░ The job identifier is 44.
Jun 16 10:44:41 nixos kernel: usb 1-2: New USB device found, idVendor=222a, idProduct=0001, bcdDevice= 0.02
Jun 16 10:44:41 nixos kernel: usb 1-2: New USB device strings: Mfr=1, Product=2, SerialNumber=0
Jun 16 10:44:41 nixos kernel: usb 1-2: Product: ILITEK-TP
Jun 16 10:44:41 nixos kernel: usb 1-2: Manufacturer: ILITEK
Jun 16 10:44:41 nixos systemd[1]: Starting Find NixOS closure...
░░ Subject: A start job for unit initrd-find-nixos-closure.service has begun execution
░░ Defined-By: systemd
░░ Support: https://lists.freedesktop.org/mailman/listinfo/systemd-devel
░░ 
░░ A start job for unit initrd-find-nixos-closure.service has begun execution.
░░ 
░░ The job identifier is 39.
Jun 16 10:44:41 nixos kernel: hid: raw HID events driver (C) Jiri Kosina
Jun 16 10:44:41 nixos systemd[1]: Starting Mountpoints Configured in the Real Root...
░░ Subject: A start job for unit initrd-parse-etc.service has begun execution
░░ Defined-By: systemd
░░ Support: https://lists.freedesktop.org/mailman/listinfo/systemd-devel
░░ 
░░ A start job for unit initrd-parse-etc.service has begun execution.
░░ 
░░ The job identifier is 48.
Jun 16 10:44:41 nixos kernel: usbcore: registered new interface driver usbhid
Jun 16 10:44:41 nixos kernel: usbhid: USB HID core driver
Jun 16 10:44:41 nixos systemd[1]: Finished Find NixOS closure.
░░ Subject: A start job for unit initrd-find-nixos-closure.service has finished successfully
░░ Defined-By: systemd
░░ Support: https://lists.freedesktop.org/mailman/listinfo/systemd-devel
░░ 
░░ A start job for unit initrd-find-nixos-closure.service has finished successfully.
░░ 
░░ The job identifier is 39.
Jun 16 10:44:41 nixos kernel: input: ILITEK ILITEK-TP Touchscreen as /devices/pci0000:00/0000:00:14.0/usb1/1-2/1-2:1.0/0003:222A:0001.0001/input/input0
Jun 16 10:44:41 nixos kernel: hid-generic 0003:222A:0001.0001: input,hiddev96,hidraw0: USB HID v1.10 Device [ILITEK ILITEK-TP] on usb-0000:00:14.0-2/input0
Jun 16 10:44:41 nixos systemd-sysroot-fstab-check[242]: /sysroot should be mounted in the initrd, will request daemon-reload.
Jun 16 10:44:41 nixos systemd[1]: Reload requested from client PID 242 ('systemd-sysroot') (unit initrd-parse-etc.service)...
Jun 16 10:44:41 nixos systemd[1]: Reloading...
Jun 16 10:44:41 nixos kernel: usb 1-6: new full-speed USB device number 4 using xhci_hcd
Jun 16 10:44:41 nixos systemd[1]: Reloading finished in 178 ms.
Jun 16 10:44:41 nixos systemd-sysroot-fstab-check[242]: Requesting initrd-fs.target/start/replace...
Jun 16 10:44:41 nixos kernel: usb 1-6: New USB device found, idVendor=0d8c, idProduct=0014, bcdDevice= 1.00
Jun 16 10:44:41 nixos kernel: usb 1-6: New USB device strings: Mfr=1, Product=2, SerialNumber=0
Jun 16 10:44:41 nixos kernel: usb 1-6: Product: USB Audio Device
Jun 16 10:44:41 nixos kernel: usb 1-6: Manufacturer: C-Media Electronics Inc.
Jun 16 10:44:41 nixos kernel: input: C-Media Electronics Inc. USB Audio Device as /devices/pci0000:00/0000:00:14.0/usb1/1-6/1-6:1.3/0003:0D8C:0014.0002/input/input2
Jun 16 10:44:41 nixos systemd-sysroot-fstab-check[242]: Requesting swap.target/start/replace...
Jun 16 10:44:41 nixos systemd[1]: initrd-parse-etc.service: Deactivated successfully.
░░ Subject: Unit succeeded
░░ Defined-By: systemd
░░ Support: https://lists.freedesktop.org/mailman/listinfo/systemd-devel
░░ 
░░ The unit initrd-parse-etc.service has successfully entered the 'dead' state.
Jun 16 10:44:41 nixos systemd[1]: Finished Mountpoints Configured in the Real Root.
░░ Subject: A start job for unit initrd-parse-etc.service has finished successfully
░░ Defined-By: systemd
░░ Support: https://lists.freedesktop.org/mailman/listinfo/systemd-devel
░░ 
░░ A start job for unit initrd-parse-etc.service has finished successfully.
░░ 
░░ The job identifier is 48.
Jun 16 10:44:41 nixos systemd[1]: initrd-parse-etc.service: Triggering OnSuccess= dependencies.
Jun 16 10:44:41 nixos kernel: hid-generic 0003:0D8C:0014.0002: input,hidraw1: USB HID v1.00 Device [C-Media Electronics Inc. USB Audio Device] on usb-0000:00:14.0-6/input3
Jun 16 10:44:42 nixos systemd[1]: Mounting /sysroot/run...
░░ Subject: A start job for unit sysroot-run.mount has begun execution
░░ Defined-By: systemd
░░ Support: https://lists.freedesktop.org/mailman/listinfo/systemd-devel
░░ 
░░ A start job for unit sysroot-run.mount has begun execution.
░░ 
░░ The job identifier is 46.
Jun 16 10:44:42 nixos systemd[1]: Mounted /sysroot/run.
░░ Subject: A start job for unit sysroot-run.mount has finished successfully
░░ Defined-By: systemd
░░ Support: https://lists.freedesktop.org/mailman/listinfo/systemd-devel
░░ 
░░ A start job for unit sysroot-run.mount has finished successfully.
░░ 
░░ The job identifier is 46.
Jun 16 10:44:42 nixos systemd[1]: Reached target Initrd File Systems.
░░ Subject: A start job for unit initrd-fs.target has finished successfully
░░ Defined-By: systemd
░░ Support: https://lists.freedesktop.org/mailman/listinfo/systemd-devel
░░ 
░░ A start job for unit initrd-fs.target has finished successfully.
░░ 
░░ The job identifier is 45.
Jun 16 10:44:42 nixos systemd[1]: Starting Create Volatile Files and Directories in the Real Root...
░░ Subject: A start job for unit systemd-tmpfiles-setup-sysroot.service has begun execution
░░ Defined-By: systemd
░░ Support: https://lists.freedesktop.org/mailman/listinfo/systemd-devel
░░ 
░░ A start job for unit systemd-tmpfiles-setup-sysroot.service has begun execution.
░░ 
░░ The job identifier is 49.
Jun 16 10:44:42 nixos systemd[1]: Finished Create Volatile Files and Directories in the Real Root.
░░ Subject: A start job for unit systemd-tmpfiles-setup-sysroot.service has finished successfully
░░ Defined-By: systemd
░░ Support: https://lists.freedesktop.org/mailman/listinfo/systemd-devel
░░ 
░░ A start job for unit systemd-tmpfiles-setup-sysroot.service has finished successfully.
░░ 
░░ The job identifier is 49.
Jun 16 10:44:42 nixos systemd[1]: sysroot-run-credentials-systemd\x2dtmpfiles\x2dsetup\x2dsysroot.service.mount: Deactivated successfully.
░░ Subject: Unit succeeded
░░ Defined-By: systemd
░░ Support: https://lists.freedesktop.org/mailman/listinfo/systemd-devel
░░ 
░░ The unit sysroot-run-credentials-systemd\x2dtmpfiles\x2dsetup\x2dsysroot.service.mount has successfully entered the 'dead' state.
Jun 16 10:44:42 nixos systemd[1]: Reached target Initrd Default Target.
░░ Subject: A start job for unit initrd.target has finished successfully
░░ Defined-By: systemd
░░ Support: https://lists.freedesktop.org/mailman/listinfo/systemd-devel
░░ 
░░ A start job for unit initrd.target has finished successfully.
░░ 
░░ The job identifier is 1.
Jun 16 10:44:42 nixos systemd[1]: Starting Cleaning Up and Shutting Down Daemons...
░░ Subject: A start job for unit initrd-cleanup.service has begun execution
░░ Defined-By: systemd
░░ Support: https://lists.freedesktop.org/mailman/listinfo/systemd-devel
░░ 
░░ A start job for unit initrd-cleanup.service has begun execution.
░░ 
░░ The job identifier is 101.
Jun 16 10:44:42 nixos systemd[1]: Stopped target Initrd Default Target.
░░ Subject: A stop job for unit initrd.target has finished
░░ Defined-By: systemd
░░ Support: https://lists.freedesktop.org/mailman/listinfo/systemd-devel
░░ 
░░ A stop job for unit initrd.target has finished.
░░ 
░░ The job identifier is 149 and the job result is done.
Jun 16 10:44:42 nixos systemd[1]: Stopped target Basic System.
░░ Subject: A stop job for unit basic.target has finished
░░ Defined-By: systemd
░░ Support: https://lists.freedesktop.org/mailman/listinfo/systemd-devel
░░ 
░░ A stop job for unit basic.target has finished.
░░ 
░░ The job identifier is 148 and the job result is done.
Jun 16 10:44:42 nixos systemd[1]: Stopped target Initrd Root Device.
░░ Subject: A stop job for unit initrd-root-device.target has finished
░░ Defined-By: systemd
░░ Support: https://lists.freedesktop.org/mailman/listinfo/systemd-devel
░░ 
░░ A stop job for unit initrd-root-device.target has finished.
░░ 
░░ The job identifier is 153 and the job result is done.
Jun 16 10:44:42 nixos systemd[1]: Stopped target Path Units.
░░ Subject: A stop job for unit paths.target has finished
░░ Defined-By: systemd
░░ Support: https://lists.freedesktop.org/mailman/listinfo/systemd-devel
░░ 
░░ A stop job for unit paths.target has finished.
░░ 
░░ The job identifier is 160 and the job result is done.
Jun 16 10:44:42 nixos systemd[1]: systemd-ask-password-console.path: Deactivated successfully.
░░ Subject: Unit succeeded
░░ Defined-By: systemd
░░ Support: https://lists.freedesktop.org/mailman/listinfo/systemd-devel
░░ 
░░ The unit systemd-ask-password-console.path has successfully entered the 'dead' state.
Jun 16 10:44:42 nixos systemd[1]: Stopped Dispatch Password Requests to Console Directory Watch.
░░ Subject: A stop job for unit systemd-ask-password-console.path has finished
░░ Defined-By: systemd
░░ Support: https://lists.freedesktop.org/mailman/listinfo/systemd-devel
░░ 
░░ A stop job for unit systemd-ask-password-console.path has finished.
░░ 
░░ The job identifier is 158 and the job result is done.
Jun 16 10:44:42 nixos systemd[1]: Stopped target Slice Units.
░░ Subject: A stop job for unit slices.target has finished
░░ Defined-By: systemd
░░ Support: https://lists.freedesktop.org/mailman/listinfo/systemd-devel
░░ 
░░ A stop job for unit slices.target has finished.
░░ 
░░ The job identifier is 154 and the job result is done.
Jun 16 10:44:42 nixos systemd[1]: Stopped target Socket Units.
░░ Subject: A stop job for unit sockets.target has finished
░░ Defined-By: systemd
░░ Support: https://lists.freedesktop.org/mailman/listinfo/systemd-devel
░░ 
░░ A stop job for unit sockets.target has finished.
░░ 
░░ The job identifier is 167 and the job result is done.
Jun 16 10:44:42 nixos systemd[1]: Stopped target System Initialization.
░░ Subject: A stop job for unit sysinit.target has finished
░░ Defined-By: systemd
░░ Support: https://lists.freedesktop.org/mailman/listinfo/systemd-devel
░░ 
░░ A stop job for unit sysinit.target has finished.
░░ 
░░ The job identifier is 155 and the job result is done.
Jun 16 10:44:42 nixos systemd[1]: Stopped target Swaps.
░░ Subject: A stop job for unit swap.target has finished
░░ Defined-By: systemd
░░ Support: https://lists.freedesktop.org/mailman/listinfo/systemd-devel
░░ 
░░ A stop job for unit swap.target has finished.
░░ 
░░ The job identifier is 150 and the job result is done.
Jun 16 10:44:42 nixos systemd[1]: Stopped target Timer Units.
░░ Subject: A stop job for unit timers.target has finished
░░ Defined-By: systemd
░░ Support: https://lists.freedesktop.org/mailman/listinfo/systemd-devel
░░ 
░░ A stop job for unit timers.target has finished.
░░ 
░░ The job identifier is 164 and the job result is done.
Jun 16 10:44:42 nixos systemd[1]: Stopped target Trusted Platform Module.
░░ Subject: A stop job for unit tpm2.target has finished
░░ Defined-By: systemd
░░ Support: https://lists.freedesktop.org/mailman/listinfo/systemd-devel
░░ 
░░ A stop job for unit tpm2.target has finished.
░░ 
░░ The job identifier is 157 and the job result is done.
Jun 16 10:44:42 nixos systemd[1]: dbus.socket: Deactivated successfully.
░░ Subject: Unit succeeded
░░ Defined-By: systemd
░░ Support: https://lists.freedesktop.org/mailman/listinfo/systemd-devel
░░ 
░░ The unit dbus.socket has successfully entered the 'dead' state.
Jun 16 10:44:42 nixos systemd[1]: Closed D-Bus System Message Bus Socket.
░░ Subject: A stop job for unit dbus.socket has finished
░░ Defined-By: systemd
░░ Support: https://lists.freedesktop.org/mailman/listinfo/systemd-devel
░░ 
░░ A stop job for unit dbus.socket has finished.
░░ 
░░ The job identifier is 161 and the job result is done.
Jun 16 10:44:42 nixos systemd[1]: initrd-find-nixos-closure.service: Deactivated successfully.
░░ Subject: Unit succeeded
░░ Defined-By: systemd
░░ Support: https://lists.freedesktop.org/mailman/listinfo/systemd-devel
░░ 
░░ The unit initrd-find-nixos-closure.service has successfully entered the 'dead' state.
Jun 16 10:44:42 nixos systemd[1]: Stopped Find NixOS closure.
░░ Subject: A stop job for unit initrd-find-nixos-closure.service has finished
░░ Defined-By: systemd
░░ Support: https://lists.freedesktop.org/mailman/listinfo/systemd-devel
░░ 
░░ A stop job for unit initrd-find-nixos-closure.service has finished.
░░ 
░░ The job identifier is 152 and the job result is done.
Jun 16 10:44:42 nixos systemd[1]: systemd-sysctl.service: Deactivated successfully.
░░ Subject: Unit succeeded
░░ Defined-By: systemd
░░ Support: https://lists.freedesktop.org/mailman/listinfo/systemd-devel
░░ 
░░ The unit systemd-sysctl.service has successfully entered the 'dead' state.
Jun 16 10:44:42 nixos systemd[1]: Stopped Apply Kernel Variables.
░░ Subject: A stop job for unit systemd-sysctl.service has finished
░░ Defined-By: systemd
░░ Support: https://lists.freedesktop.org/mailman/listinfo/systemd-devel
░░ 
░░ A stop job for unit systemd-sysctl.service has finished.
░░ 
░░ The job identifier is 168 and the job result is done.
Jun 16 10:44:42 nixos systemd[1]: systemd-modules-load.service: Deactivated successfully.
░░ Subject: Unit succeeded
░░ Defined-By: systemd
░░ Support: https://lists.freedesktop.org/mailman/listinfo/systemd-devel
░░ 
░░ The unit systemd-modules-load.service has successfully entered the 'dead' state.
Jun 16 10:44:42 nixos systemd[1]: Stopped Load Kernel Modules.
░░ Subject: A stop job for unit systemd-modules-load.service has finished
░░ Defined-By: systemd
░░ Support: https://lists.freedesktop.org/mailman/listinfo/systemd-devel
░░ 
░░ A stop job for unit systemd-modules-load.service has finished.
░░ 
░░ The job identifier is 151 and the job result is done.
Jun 16 10:44:42 nixos systemd[1]: systemd-tmpfiles-setup-sysroot.service: Deactivated successfully.
░░ Subject: Unit succeeded
░░ Defined-By: systemd
░░ Support: https://lists.freedesktop.org/mailman/listinfo/systemd-devel
░░ 
░░ The unit systemd-tmpfiles-setup-sysroot.service has successfully entered the 'dead' state.
Jun 16 10:44:42 nixos systemd[1]: Stopped Create Volatile Files and Directories in the Real Root.
░░ Subject: A stop job for unit systemd-tmpfiles-setup-sysroot.service has finished
░░ Defined-By: systemd
░░ Support: https://lists.freedesktop.org/mailman/listinfo/systemd-devel
░░ 
░░ A stop job for unit systemd-tmpfiles-setup-sysroot.service has finished.
░░ 
░░ The job identifier is 145 and the job result is done.
Jun 16 10:44:42 nixos systemd[1]: systemd-tmpfiles-setup.service: Deactivated successfully.
░░ Subject: Unit succeeded
░░ Defined-By: systemd
░░ Support: https://lists.freedesktop.org/mailman/listinfo/systemd-devel
░░ 
░░ The unit systemd-tmpfiles-setup.service has successfully entered the 'dead' state.
Jun 16 10:44:42 nixos systemd[1]: Stopped Create System Files and Directories.
░░ Subject: A stop job for unit systemd-tmpfiles-setup.service has finished
░░ Defined-By: systemd
░░ Support: https://lists.freedesktop.org/mailman/listinfo/systemd-devel
░░ 
░░ A stop job for unit systemd-tmpfiles-setup.service has finished.
░░ 
░░ The job identifier is 143 and the job result is done.
Jun 16 10:44:42 nixos systemd[1]: Stopped target Local File Systems.
░░ Subject: A stop job for unit local-fs.target has finished
░░ Defined-By: systemd
░░ Support: https://lists.freedesktop.org/mailman/listinfo/systemd-devel
░░ 
░░ A stop job for unit local-fs.target has finished.
░░ 
░░ The job identifier is 165 and the job result is done.
Jun 16 10:44:42 nixos systemd[1]: Stopped target Preparation for Local File Systems.
░░ Subject: A stop job for unit local-fs-pre.target has finished
░░ Defined-By: systemd
░░ Support: https://lists.freedesktop.org/mailman/listinfo/systemd-devel
░░ 
░░ A stop job for unit local-fs-pre.target has finished.
░░ 
░░ The job identifier is 147 and the job result is done.
Jun 16 10:44:42 nixos systemd[1]: systemd-udev-trigger.service: Deactivated successfully.
░░ Subject: Unit succeeded
░░ Defined-By: systemd
░░ Support: https://lists.freedesktop.org/mailman/listinfo/systemd-devel
░░ 
░░ The unit systemd-udev-trigger.service has successfully entered the 'dead' state.
Jun 16 10:44:42 nixos systemd[1]: Stopped Coldplug All udev Devices.
░░ Subject: A stop job for unit systemd-udev-trigger.service has finished
░░ Defined-By: systemd
░░ Support: https://lists.freedesktop.org/mailman/listinfo/systemd-devel
░░ 
░░ A stop job for unit systemd-udev-trigger.service has finished.
░░ 
░░ The job identifier is 134 and the job result is done.
Jun 16 10:44:42 nixos systemd[1]: Stopping Rule-based Manager for Device Events and Files...
░░ Subject: A stop job for unit systemd-udevd.service has begun execution
░░ Defined-By: systemd
░░ Support: https://lists.freedesktop.org/mailman/listinfo/systemd-devel
░░ 
░░ A stop job for unit systemd-udevd.service has begun execution.
░░ 
░░ The job identifier is 132.
Jun 16 10:44:42 nixos systemd[1]: systemd-vconsole-setup.service: Deactivated successfully.
░░ Subject: Unit succeeded
░░ Defined-By: systemd
░░ Support: https://lists.freedesktop.org/mailman/listinfo/systemd-devel
░░ 
░░ The unit systemd-vconsole-setup.service has successfully entered the 'dead' state.
Jun 16 10:44:42 nixos systemd[1]: Stopped Virtual Console Setup.
░░ Subject: A stop job for unit systemd-vconsole-setup.service has finished
░░ Defined-By: systemd
░░ Support: https://lists.freedesktop.org/mailman/listinfo/systemd-devel
░░ 
░░ A stop job for unit systemd-vconsole-setup.service has finished.
░░ 
░░ The job identifier is 159 and the job result is done.
Jun 16 10:44:42 nixos systemd[1]: initrd-cleanup.service: Deactivated successfully.
░░ Subject: Unit succeeded
░░ Defined-By: systemd
░░ Support: https://lists.freedesktop.org/mailman/listinfo/systemd-devel
░░ 
░░ The unit initrd-cleanup.service has successfully entered the 'dead' state.
Jun 16 10:44:42 nixos systemd[1]: Finished Cleaning Up and Shutting Down Daemons.
░░ Subject: A start job for unit initrd-cleanup.service has finished successfully
░░ Defined-By: systemd
░░ Support: https://lists.freedesktop.org/mailman/listinfo/systemd-devel
░░ 
░░ A start job for unit initrd-cleanup.service has finished successfully.
░░ 
░░ The job identifier is 101.
Jun 16 10:44:42 nixos systemd[1]: systemd-udevd.service: Deactivated successfully.
░░ Subject: Unit succeeded
░░ Defined-By: systemd
░░ Support: https://lists.freedesktop.org/mailman/listinfo/systemd-devel
░░ 
░░ The unit systemd-udevd.service has successfully entered the 'dead' state.
Jun 16 10:44:42 nixos systemd[1]: Stopped Rule-based Manager for Device Events and Files.
░░ Subject: A stop job for unit systemd-udevd.service has finished
░░ Defined-By: systemd
░░ Support: https://lists.freedesktop.org/mailman/listinfo/systemd-devel
░░ 
░░ A stop job for unit systemd-udevd.service has finished.
░░ 
░░ The job identifier is 132 and the job result is done.
Jun 16 10:44:42 nixos systemd[1]: systemd-udevd-control.socket: Deactivated successfully.
░░ Subject: Unit succeeded
░░ Defined-By: systemd
░░ Support: https://lists.freedesktop.org/mailman/listinfo/systemd-devel
░░ 
░░ The unit systemd-udevd-control.socket has successfully entered the 'dead' state.
Jun 16 10:44:42 nixos systemd[1]: Closed udev Control Socket.
░░ Subject: A stop job for unit systemd-udevd-control.socket has finished
░░ Defined-By: systemd
░░ Support: https://lists.freedesktop.org/mailman/listinfo/systemd-devel
░░ 
░░ A stop job for unit systemd-udevd-control.socket has finished.
░░ 
░░ The job identifier is 163 and the job result is done.
Jun 16 10:44:42 nixos systemd[1]: Starting Cleanup udev Database...
░░ Subject: A start job for unit initrd-udevadm-cleanup-db.service has begun execution
░░ Defined-By: systemd
░░ Support: https://lists.freedesktop.org/mailman/listinfo/systemd-devel
░░ 
░░ A start job for unit initrd-udevadm-cleanup-db.service has begun execution.
░░ 
░░ The job identifier is 133.
Jun 16 10:44:42 nixos systemd[1]: systemd-tmpfiles-setup-dev.service: Deactivated successfully.
░░ Subject: Unit succeeded
░░ Defined-By: systemd
░░ Support: https://lists.freedesktop.org/mailman/listinfo/systemd-devel
░░ 
░░ The unit systemd-tmpfiles-setup-dev.service has successfully entered the 'dead' state.
Jun 16 10:44:42 nixos systemd[1]: Stopped Create Static Device Nodes in /dev.
░░ Subject: A stop job for unit systemd-tmpfiles-setup-dev.service has finished
░░ Defined-By: systemd
░░ Support: https://lists.freedesktop.org/mailman/listinfo/systemd-devel
░░ 
░░ A stop job for unit systemd-tmpfiles-setup-dev.service has finished.
░░ 
░░ The job identifier is 144 and the job result is done.
Jun 16 10:44:42 nixos systemd[1]: systemd-tmpfiles-setup-dev-early.service: Deactivated successfully.
░░ Subject: Unit succeeded
░░ Defined-By: systemd
░░ Support: https://lists.freedesktop.org/mailman/listinfo/systemd-devel
░░ 
░░ The unit systemd-tmpfiles-setup-dev-early.service has successfully entered the 'dead' state.
Jun 16 10:44:42 nixos systemd[1]: Stopped Create Static Device Nodes in /dev gracefully.
░░ Subject: A stop job for unit systemd-tmpfiles-setup-dev-early.service has finished
░░ Defined-By: systemd
░░ Support: https://lists.freedesktop.org/mailman/listinfo/systemd-devel
░░ 
░░ A stop job for unit systemd-tmpfiles-setup-dev-early.service has finished.
░░ 
░░ The job identifier is 146 and the job result is done.
Jun 16 10:44:42 nixos systemd[1]: kmod-static-nodes.service: Deactivated successfully.
░░ Subject: Unit succeeded
░░ Defined-By: systemd
░░ Support: https://lists.freedesktop.org/mailman/listinfo/systemd-devel
░░ 
░░ The unit kmod-static-nodes.service has successfully entered the 'dead' state.
Jun 16 10:44:42 nixos systemd[1]: Stopped Create List of Static Device Nodes.
░░ Subject: A stop job for unit kmod-static-nodes.service has finished
░░ Defined-By: systemd
░░ Support: https://lists.freedesktop.org/mailman/listinfo/systemd-devel
░░ 
░░ A stop job for unit kmod-static-nodes.service has finished.
░░ 
░░ The job identifier is 166 and the job result is done.
Jun 16 10:44:42 nixos systemd[1]: initrd-udevadm-cleanup-db.service: Deactivated successfully.
░░ Subject: Unit succeeded
░░ Defined-By: systemd
░░ Support: https://lists.freedesktop.org/mailman/listinfo/systemd-devel
░░ 
░░ The unit initrd-udevadm-cleanup-db.service has successfully entered the 'dead' state.
Jun 16 10:44:42 nixos systemd[1]: Finished Cleanup udev Database.
░░ Subject: A start job for unit initrd-udevadm-cleanup-db.service has finished successfully
░░ Defined-By: systemd
░░ Support: https://lists.freedesktop.org/mailman/listinfo/systemd-devel
░░ 
░░ A start job for unit initrd-udevadm-cleanup-db.service has finished successfully.
░░ 
░░ The job identifier is 133.
Jun 16 10:44:42 nixos systemd[1]: Reached target Switch Root.
░░ Subject: A start job for unit initrd-switch-root.target has finished successfully
░░ Defined-By: systemd
░░ Support: https://lists.freedesktop.org/mailman/listinfo/systemd-devel
░░ 
░░ A start job for unit initrd-switch-root.target has finished successfully.
░░ 
░░ The job identifier is 105.
Jun 16 10:44:42 nixos systemd[1]: Starting NixOS Activation...
░░ Subject: A start job for unit initrd-nixos-activation.service has begun execution
░░ Defined-By: systemd
░░ Support: https://lists.freedesktop.org/mailman/listinfo/systemd-devel
░░ 
░░ A start job for unit initrd-nixos-activation.service has begun execution.
░░ 
░░ The job identifier is 111.
Jun 16 10:44:42 nixos initrd-nixos-activation-start[483]: booting system configuration /nix/store/5gjwqk491flfsjy1krg6yqm6c1y56qws-nixos-system-nixos-staging-extensive-tracing_f6a8008b334d26a9125fb29aae2082e0785f1fc5
Jun 16 10:44:42 nixos initrd-nixos-activation-start[483]: running activation script...
Jun 16 10:44:42 nixos initrd-nixos-activation-start[513]: warning: not applying UID change of user ‘gdm-greeter-2’ (60580 -> 60579) in /etc/passwd
Jun 16 10:44:42 nixos initrd-nixos-activation-start[513]: warning: not applying UID change of user ‘gdm-greeter-3’ (60581 -> 60580) in /etc/passwd
Jun 16 10:44:42 nixos initrd-nixos-activation-start[513]: warning: not applying UID change of user ‘gdm-greeter-4’ (60582 -> 60581) in /etc/passwd
Jun 16 10:44:42 nixos initrd-nixos-activation-start[513]: removing user ‘gdm-greeter-1’
Jun 16 10:44:42 nixos initrd-nixos-activation-start[506]: setting up /etc...
Jun 16 10:44:42 nixos initrd-nixos-activation-start[530]: removing obsolete symlink ‘/etc/X11/xorg.conf.d/40-libinput.conf’...
Jun 16 10:44:42 nixos initrd-nixos-activation-start[530]: removing obsolete symlink ‘/etc/pam.d/gdm-fingerprint’...
Jun 16 10:44:42 nixos systemd[1]: initrd-nixos-activation.service: Deactivated successfully.
░░ Subject: Unit succeeded
░░ Defined-By: systemd
░░ Support: https://lists.freedesktop.org/mailman/listinfo/systemd-devel
░░ 
░░ The unit initrd-nixos-activation.service has successfully entered the 'dead' state.
Jun 16 10:44:42 nixos systemd[1]: Finished NixOS Activation.
░░ Subject: A start job for unit initrd-nixos-activation.service has finished successfully
░░ Defined-By: systemd
░░ Support: https://lists.freedesktop.org/mailman/listinfo/systemd-devel
░░ 
░░ A start job for unit initrd-nixos-activation.service has finished successfully.
░░ 
░░ The job identifier is 111.
Jun 16 10:44:42 nixos systemd[1]: Starting Switch Root...
░░ Subject: A start job for unit initrd-switch-root.service has begun execution
░░ Defined-By: systemd
░░ Support: https://lists.freedesktop.org/mailman/listinfo/systemd-devel
░░ 
░░ A start job for unit initrd-switch-root.service has begun execution.
░░ 
░░ The job identifier is 110.
Jun 16 10:44:42 nixos systemd[1]: Switching root.
Jun 16 10:44:42 nixos systemd-journald[145]: Journal stopped
░░ Subject: The journal has been stopped
░░ Defined-By: systemd
░░ Support: https://lists.freedesktop.org/mailman/listinfo/systemd-devel
░░ 
░░ The system journal process has shut down and closed all currently
░░ active journal files.
Jun 16 10:44:44 nixos systemd-journald[145]: Received SIGTERM from PID 1 (systemd).
Jun 16 10:44:44 nixos systemd[1]: systemd 260.1 running in system mode (+PAM +AUDIT -SELINUX +APPARMOR +IMA +IPE +SMACK +SECCOMP +GCRYPT -GNUTLS +OPENSSL +ACL +BLKID +CURL +ELFUTILS +FIDO2 +IDN2 +KMOD +LIBCRYPTSETUP +LIBCRYPTSETUP_PLUGINS +LIBFDISK +PCRE2 +PWQUALITY +P11KIT +QRENCODE +TPM2 +BZIP2 +LZ4 +XZ +ZLIB +ZSTD +BPF_FRAMEWORK -BTF -XKBCOMMON +UTMP +LIBARCHIVE)
Jun 16 10:44:44 nixos systemd[1]: Detected architecture x86-64.
Jun 16 10:44:44 nixos systemd[1]: bpf-restrict-fs: LSM BPF program attached
Jun 16 10:44:44 nixos systemd[1]: initrd-switch-root.service: Deactivated successfully.
Jun 16 10:44:44 nixos systemd[1]: Stopped initrd-switch-root.service.
Jun 16 10:44:44 nixos systemd[1]: systemd-journald.service: Scheduled restart job, restart counter is at 1.
Jun 16 10:44:44 nixos systemd[1]: Created slice Virtual Machine and Container Slice.
Jun 16 10:44:44 nixos systemd[1]: Created slice Slice /system/systemd-fsck.
Jun 16 10:44:44 nixos systemd[1]: Created slice User and Session Slice.
Jun 16 10:44:44 nixos systemd[1]: Started Dispatch Password Requests to Console Directory Watch.
Jun 16 10:44:44 nixos systemd[1]: Started Forward Password Requests to Wall Directory Watch.
Jun 16 10:44:44 nixos systemd[1]: Expecting device /dev/disk/by-uuid/A07C-FB99...
Jun 16 10:44:44 nixos systemd[1]: Reached target Local Encrypted Volumes.
Jun 16 10:44:44 nixos systemd[1]: Reached target Login Prompts.
Jun 16 10:44:44 nixos systemd[1]: Stopped target initrd-fs.target.
Jun 16 10:44:44 nixos systemd[1]: Stopped target initrd-root-fs.target.
Jun 16 10:44:44 nixos systemd[1]: Stopped target initrd-switch-root.target.
Jun 16 10:44:44 nixos systemd[1]: Reached target Virtual Machines and Containers.
Jun 16 10:44:44 nixos systemd[1]: Reached target Path Units.
Jun 16 10:44:44 nixos systemd[1]: Reached target Remote File Systems.
Jun 16 10:44:44 nixos systemd[1]: Reached target Slice Units.
Jun 16 10:44:44 nixos systemd[1]: Reached target Swaps.
Jun 16 10:44:44 nixos systemd[1]: Listening on Process Core Dump Socket.
Jun 16 10:44:44 nixos systemd[1]: Listening on Credential Encryption/Decryption.
Jun 16 10:44:44 nixos systemd[1]: Starting Journal Log Access Socket...
Jun 16 10:44:44 nixos systemd[1]: Listening on Journal Audit Socket.
Jun 16 10:44:44 nixos systemd[1]: Listening on Userspace Out-Of-Memory (OOM) Killer Socket.
Jun 16 10:44:44 nixos systemd[1]: Make TPM PCR Policy skipped, unmet condition check ConditionSecurity=measured-uki
Jun 16 10:44:44 nixos systemd[1]: Listening on udev Control Socket.
Jun 16 10:44:44 nixos systemd[1]: Mounting Huge Pages File System...
Jun 16 10:44:44 nixos systemd[1]: Mounting POSIX Message Queue File System...
Jun 16 10:44:44 nixos systemd[1]: Mounting Kernel Debug File System...
Jun 16 10:44:44 nixos systemd[1]: Mounting Kernel Trace File System...
Jun 16 10:44:44 nixos systemd[1]: Starting Create List of Static Device Nodes...
Jun 16 10:44:44 nixos systemd[1]: Starting Load Kernel Module configfs...
Jun 16 10:44:44 nixos systemd[1]: Load Kernel Module drm skipped, unmet condition check ConditionKernelModuleLoaded=!drm
Jun 16 10:44:44 nixos systemd[1]: Load Kernel Module efi_pstore skipped, unmet condition check ConditionKernelModuleLoaded=!efi_pstore
Jun 16 10:44:44 nixos systemd[1]: Starting Load Kernel Module fuse...
Jun 16 10:44:44 nixos systemd[1]: Clear Stale Hibernate Storage Info skipped, unmet condition check ConditionPathExists=/sys/firmware/efi/efivars/HibernateLocation-8cf2644b-4b0b-428f-9387-6d876050dc67
Jun 16 10:44:44 nixos systemd[1]: Starting Journal Service...
Jun 16 10:44:44 nixos systemd[1]: Starting Load Kernel Modules...
Jun 16 10:44:44 nixos systemd[1]: Starting Userspace Out-Of-Memory (OOM) Killer...
Jun 16 10:44:44 nixos systemd[1]: Starting Remount Root and Kernel File Systems...
Jun 16 10:44:44 nixos systemd[1]: Early TPM SRK Setup skipped, unmet condition check ConditionSecurity=measured-uki
Jun 16 10:44:44 nixos systemd[1]: Starting Coldplug All udev Devices...
Jun 16 10:44:44 nixos systemd[1]: Listening on Journal Log Access Socket.
Jun 16 10:44:44 nixos systemd[1]: Mounted Huge Pages File System.
Jun 16 10:44:44 nixos kernel: fuse: init (API version 7.45)
Jun 16 10:44:44 nixos systemd[1]: Mounted POSIX Message Queue File System.
Jun 16 10:44:44 nixos systemd-journald[686]: Collecting audit messages is enabled.
Jun 16 10:44:44 nixos systemd[1]: Mounted Kernel Debug File System.
Jun 16 10:44:44 nixos systemd[1]: Mounted Kernel Trace File System.
Jun 16 10:44:44 nixos systemd[1]: Finished Create List of Static Device Nodes.
Jun 16 10:44:44 nixos systemd[1]: modprobe@configfs.service: Deactivated successfully.
Jun 16 10:44:44 nixos systemd[1]: Finished Load Kernel Module configfs.
Jun 16 10:44:44 nixos kernel: loop: module loaded
